[1.354s] Invoking command in '/home/rodrigo/Documentos/Dron/dron_jazzy_ws/src/mav_control': DEBUGINFOD_URLS=https://debuginfod.ubuntu.com PS1=(entV) \[\e]0;\u@\h: \w\a\]${debian_chroot:+($debian_chroot)}\[\033[01;32m\]\u@\h\[\033[00m\]:\[\033[01;34m\]\w\[\033[00m\]\$ PYTHONPATH=/home/rodrigo/Documentos/Dron/dron_jazzy_ws/build/mav_control/prefix_override:/usr/lib/python3/dist-packages/colcon_core/task/python/colcon_distutils_commands:/home/rodrigo/Documentos/Dron/dron_jazzy_ws/install/mav_control/lib/python3.12/site-packages:${PYTHONPATH} VIRTUAL_ENV_PROMPT=(entV) /usr/bin/python3 -W ignore:setup.py install is deprecated -W ignore:easy_install command is deprecated setup.py egg_info --egg-base ../../build/mav_control build --build-base /home/rodrigo/Documentos/Dron/dron_jazzy_ws/build/mav_control/build install --record /home/rodrigo/Documentos/Dron/dron_jazzy_ws/build/mav_control/install.log --single-version-externally-managed install_data
[1.692s] running egg_info
[1.719s] writing ../../build/mav_control/mav_control.egg-info/PKG-INFO
[1.720s] writing dependency_links to ../../build/mav_control/mav_control.egg-info/dependency_links.txt
[1.721s] writing entry points to ../../build/mav_control/mav_control.egg-info/entry_points.txt
[1.721s] writing requirements to ../../build/mav_control/mav_control.egg-info/requires.txt
[1.721s] writing top-level names to ../../build/mav_control/mav_control.egg-info/top_level.txt
[1.777s] reading manifest file '../../build/mav_control/mav_control.egg-info/SOURCES.txt'
[1.777s] adding license file 'LICENSE'
[1.778s] writing manifest file '../../build/mav_control/mav_control.egg-info/SOURCES.txt'
[1.778s] running build
[1.779s] running build_py
[1.779s] copying mav_control/control.py -> /home/rodrigo/Documentos/Dron/dron_jazzy_ws/build/mav_control/build/lib/mav_control
[1.780s] running install
[1.786s] running install_lib
[1.813s] copying /home/rodrigo/Documentos/Dron/dron_jazzy_ws/build/mav_control/build/lib/mav_control/control.py -> /home/rodrigo/Documentos/Dron/dron_jazzy_ws/install/mav_control/lib/python3.12/site-packages/mav_control
[1.814s] byte-compiling /home/rodrigo/Documentos/Dron/dron_jazzy_ws/install/mav_control/lib/python3.12/site-packages/mav_control/control.py to control.cpython-312.pyc
[1.815s] running install_data
[1.815s] running install_egg_info
[1.843s] removing '/home/rodrigo/Documentos/Dron/dron_jazzy_ws/install/mav_control/lib/python3.12/site-packages/mav_control-0.0.0-py3.12.egg-info' (and everything under it)
[1.843s] Copying ../../build/mav_control/mav_control.egg-info to /home/rodrigo/Documentos/Dron/dron_jazzy_ws/install/mav_control/lib/python3.12/site-packages/mav_control-0.0.0-py3.12.egg-info
[1.844s] running install_scripts
[2.014s] Installing control script to /home/rodrigo/Documentos/Dron/dron_jazzy_ws/install/mav_control/lib/mav_control
[2.014s] Installing mav_msg script to /home/rodrigo/Documentos/Dron/dron_jazzy_ws/install/mav_control/lib/mav_control
[2.015s] writing list of installed files to '/home/rodrigo/Documentos/Dron/dron_jazzy_ws/build/mav_control/install.log'
[2.094s] Invoked command in '/home/rodrigo/Documentos/Dron/dron_jazzy_ws/src/mav_control' returned '0': DEBUGINFOD_URLS=https://debuginfod.ubuntu.com PS1=(entV) \[\e]0;\u@\h: \w\a\]${debian_chroot:+($debian_chroot)}\[\033[01;32m\]\u@\h\[\033[00m\]:\[\033[01;34m\]\w\[\033[00m\]\$ PYTHONPATH=/home/rodrigo/Documentos/Dron/dron_jazzy_ws/build/mav_control/prefix_override:/usr/lib/python3/dist-packages/colcon_core/task/python/colcon_distutils_commands:/home/rodrigo/Documentos/Dron/dron_jazzy_ws/install/mav_control/lib/python3.12/site-packages:${PYTHONPATH} VIRTUAL_ENV_PROMPT=(entV) /usr/bin/python3 -W ignore:setup.py install is deprecated -W ignore:easy_install command is deprecated setup.py egg_info --egg-base ../../build/mav_control build --build-base /home/rodrigo/Documentos/Dron/dron_jazzy_ws/build/mav_control/build install --record /home/rodrigo/Documentos/Dron/dron_jazzy_ws/build/mav_control/install.log --single-version-externally-managed install_data
