[0.144s] DEBUG:colcon:Command line arguments: ['/usr/bin/colcon', 'build']
[0.144s] DEBUG:colcon:Parsed command line arguments: Namespace(log_base=None, log_level=None, verb_name='build', build_base='build', install_base='install', merge_install=False, symlink_install=False, test_result_base=None, continue_on_error=False, executor='parallel', parallel_workers=4, event_handlers=None, ignore_user_meta=False, metas=['./colcon.meta'], base_paths=['.'], packages_ignore=None, packages_ignore_regex=None, paths=None, packages_up_to=None, packages_up_to_regex=None, packages_above=None, packages_above_and_dependencies=None, packages_above_depth=None, packages_select_by_dep=None, packages_skip_by_dep=None, packages_skip_up_to=None, packages_select_build_failed=False, packages_skip_build_finished=False, packages_select_test_failures=False, packages_skip_test_passed=False, packages_select=None, packages_skip=None, packages_select_regex=None, packages_skip_regex=None, packages_start=None, packages_end=None, allow_overriding=[], cmake_args=None, cmake_target=None, cmake_target_skip_unavailable=False, cmake_clean_cache=False, cmake_clean_first=False, cmake_force_configure=False, ament_cmake_args=None, catkin_cmake_args=None, catkin_skip_building_tests=False, mixin_files=None, mixin=None, verb_parser=<colcon_mixin.mixin.mixin_argument.MixinArgumentDecorator object at 0x77200759a600>, verb_extension=<colcon_core.verb.build.BuildVerb object at 0x7720075496d0>, main=<bound method BuildVerb.main of <colcon_core.verb.build.BuildVerb object at 0x7720075496d0>>, mixin_verb=('build',))
[0.187s] Level 1:colcon.colcon_core.package_discovery:discover_packages(colcon_meta) check parameters
[0.187s] Level 1:colcon.colcon_core.package_discovery:discover_packages(recursive) check parameters
[0.187s] Level 1:colcon.colcon_core.package_discovery:discover_packages(ignore) check parameters
[0.187s] Level 1:colcon.colcon_core.package_discovery:discover_packages(path) check parameters
[0.187s] Level 1:colcon.colcon_core.package_discovery:discover_packages(colcon_meta) discover
[0.187s] Level 1:colcon.colcon_core.package_discovery:discover_packages(recursive) discover
[0.187s] INFO:colcon.colcon_core.package_discovery:Crawling recursively for packages in '/home/rodrigo/Documentos/Dron/dron_jazzy_ws'
[0.187s] Level 1:colcon.colcon_core.package_identification:_identify(.) by extensions ['ignore', 'ignore_ament_install']
[0.187s] Level 1:colcon.colcon_core.package_identification:_identify(.) by extension 'ignore'
[0.188s] Level 1:colcon.colcon_core.package_identification:_identify(.) by extension 'ignore_ament_install'
[0.188s] Level 1:colcon.colcon_core.package_identification:_identify(.) by extensions ['colcon_pkg']
[0.188s] Level 1:colcon.colcon_core.package_identification:_identify(.) by extension 'colcon_pkg'
[0.188s] Level 1:colcon.colcon_core.package_identification:_identify(.) by extensions ['colcon_meta']
[0.188s] Level 1:colcon.colcon_core.package_identification:_identify(.) by extension 'colcon_meta'
[0.188s] Level 1:colcon.colcon_core.package_identification:_identify(.) by extensions ['ros']
[0.188s] Level 1:colcon.colcon_core.package_identification:_identify(.) by extension 'ros'
[0.217s] Level 1:colcon.colcon_core.package_identification:_identify(.) by extensions ['cmake', 'python']
[0.217s] Level 1:colcon.colcon_core.package_identification:_identify(.) by extension 'cmake'
[0.218s] Level 1:colcon.colcon_core.package_identification:_identify(.) by extension 'python'
[0.218s] Level 1:colcon.colcon_core.package_identification:_identify(.) by extensions ['python_setup_py']
[0.218s] Level 1:colcon.colcon_core.package_identification:_identify(.) by extension 'python_setup_py'
[0.218s] Level 1:colcon.colcon_core.package_identification:_identify(build) by extensions ['ignore', 'ignore_ament_install']
[0.218s] Level 1:colcon.colcon_core.package_identification:_identify(build) by extension 'ignore'
[0.218s] Level 1:colcon.colcon_core.package_identification:_identify(build) ignored
[0.218s] Level 1:colcon.colcon_core.package_identification:_identify(install) by extensions ['ignore', 'ignore_ament_install']
[0.218s] Level 1:colcon.colcon_core.package_identification:_identify(install) by extension 'ignore'
[0.218s] Level 1:colcon.colcon_core.package_identification:_identify(install) ignored
[0.218s] Level 1:colcon.colcon_core.package_identification:_identify(log) by extensions ['ignore', 'ignore_ament_install']
[0.218s] Level 1:colcon.colcon_core.package_identification:_identify(log) by extension 'ignore'
[0.218s] Level 1:colcon.colcon_core.package_identification:_identify(log) ignored
[0.219s] Level 1:colcon.colcon_core.package_identification:_identify(src) by extensions ['ignore', 'ignore_ament_install']
[0.219s] Level 1:colcon.colcon_core.package_identification:_identify(src) by extension 'ignore'
[0.219s] Level 1:colcon.colcon_core.package_identification:_identify(src) by extension 'ignore_ament_install'
[0.219s] Level 1:colcon.colcon_core.package_identification:_identify(src) by extensions ['colcon_pkg']
[0.219s] Level 1:colcon.colcon_core.package_identification:_identify(src) by extension 'colcon_pkg'
[0.219s] Level 1:colcon.colcon_core.package_identification:_identify(src) by extensions ['colcon_meta']
[0.219s] Level 1:colcon.colcon_core.package_identification:_identify(src) by extension 'colcon_meta'
[0.219s] Level 1:colcon.colcon_core.package_identification:_identify(src) by extensions ['ros']
[0.219s] Level 1:colcon.colcon_core.package_identification:_identify(src) by extension 'ros'
[0.219s] Level 1:colcon.colcon_core.package_identification:_identify(src) by extensions ['cmake', 'python']
[0.219s] Level 1:colcon.colcon_core.package_identification:_identify(src) by extension 'cmake'
[0.219s] Level 1:colcon.colcon_core.package_identification:_identify(src) by extension 'python'
[0.219s] Level 1:colcon.colcon_core.package_identification:_identify(src) by extensions ['python_setup_py']
[0.219s] Level 1:colcon.colcon_core.package_identification:_identify(src) by extension 'python_setup_py'
[0.219s] Level 1:colcon.colcon_core.package_identification:_identify(src/mav_control) by extensions ['ignore', 'ignore_ament_install']
[0.219s] Level 1:colcon.colcon_core.package_identification:_identify(src/mav_control) by extension 'ignore'
[0.220s] Level 1:colcon.colcon_core.package_identification:_identify(src/mav_control) by extension 'ignore_ament_install'
[0.220s] Level 1:colcon.colcon_core.package_identification:_identify(src/mav_control) by extensions ['colcon_pkg']
[0.220s] Level 1:colcon.colcon_core.package_identification:_identify(src/mav_control) by extension 'colcon_pkg'
[0.220s] Level 1:colcon.colcon_core.package_identification:_identify(src/mav_control) by extensions ['colcon_meta']
[0.220s] Level 1:colcon.colcon_core.package_identification:_identify(src/mav_control) by extension 'colcon_meta'
[0.220s] Level 1:colcon.colcon_core.package_identification:_identify(src/mav_control) by extensions ['ros']
[0.220s] Level 1:colcon.colcon_core.package_identification:_identify(src/mav_control) by extension 'ros'
[0.223s] DEBUG:colcon.colcon_core.package_identification:Package 'src/mav_control' with type 'ros.ament_python' and name 'mav_control'
[0.223s] Level 1:colcon.colcon_core.package_identification:_identify(src/sim_dron) by extensions ['ignore', 'ignore_ament_install']
[0.223s] Level 1:colcon.colcon_core.package_identification:_identify(src/sim_dron) by extension 'ignore'
[0.223s] Level 1:colcon.colcon_core.package_identification:_identify(src/sim_dron) by extension 'ignore_ament_install'
[0.223s] Level 1:colcon.colcon_core.package_identification:_identify(src/sim_dron) by extensions ['colcon_pkg']
[0.223s] Level 1:colcon.colcon_core.package_identification:_identify(src/sim_dron) by extension 'colcon_pkg'
[0.223s] Level 1:colcon.colcon_core.package_identification:_identify(src/sim_dron) by extensions ['colcon_meta']
[0.223s] Level 1:colcon.colcon_core.package_identification:_identify(src/sim_dron) by extension 'colcon_meta'
[0.223s] Level 1:colcon.colcon_core.package_identification:_identify(src/sim_dron) by extensions ['ros']
[0.223s] Level 1:colcon.colcon_core.package_identification:_identify(src/sim_dron) by extension 'ros'
[0.224s] DEBUG:colcon.colcon_core.package_identification:Package 'src/sim_dron' with type 'ros.ament_python' and name 'sim_dron'
[0.224s] Level 1:colcon.colcon_core.package_discovery:discover_packages(recursive) using defaults
[0.224s] Level 1:colcon.colcon_core.package_discovery:discover_packages(ignore) discover
[0.224s] Level 1:colcon.colcon_core.package_discovery:discover_packages(ignore) using defaults
[0.224s] Level 1:colcon.colcon_core.package_discovery:discover_packages(path) discover
[0.224s] Level 1:colcon.colcon_core.package_discovery:discover_packages(path) using defaults
[0.244s] Level 1:colcon.colcon_core.package_discovery:discover_packages(prefix_path) check parameters
[0.244s] Level 1:colcon.colcon_core.package_discovery:discover_packages(prefix_path) discover
[0.247s] DEBUG:colcon.colcon_installed_package_information.package_discovery:Found 285 installed packages in /opt/ros/jazzy
[0.248s] Level 1:colcon.colcon_core.package_discovery:discover_packages(prefix_path) using defaults
[0.304s] Level 5:colcon.colcon_core.verb:set package 'mav_control' build argument 'cmake_args' from command line to 'None'
[0.304s] Level 5:colcon.colcon_core.verb:set package 'mav_control' build argument 'cmake_target' from command line to 'None'
[0.304s] Level 5:colcon.colcon_core.verb:set package 'mav_control' build argument 'cmake_target_skip_unavailable' from command line to 'False'
[0.304s] Level 5:colcon.colcon_core.verb:set package 'mav_control' build argument 'cmake_clean_cache' from command line to 'False'
[0.305s] Level 5:colcon.colcon_core.verb:set package 'mav_control' build argument 'cmake_clean_first' from command line to 'False'
[0.305s] Level 5:colcon.colcon_core.verb:set package 'mav_control' build argument 'cmake_force_configure' from command line to 'False'
[0.305s] Level 5:colcon.colcon_core.verb:set package 'mav_control' build argument 'ament_cmake_args' from command line to 'None'
[0.305s] Level 5:colcon.colcon_core.verb:set package 'mav_control' build argument 'catkin_cmake_args' from command line to 'None'
[0.305s] Level 5:colcon.colcon_core.verb:set package 'mav_control' build argument 'catkin_skip_building_tests' from command line to 'False'
[0.305s] DEBUG:colcon.colcon_core.verb:Building package 'mav_control' with the following arguments: {'ament_cmake_args': None, 'build_base': '/home/rodrigo/Documentos/Dron/dron_jazzy_ws/build/mav_control', 'catkin_cmake_args': None, 'catkin_skip_building_tests': False, 'cmake_args': None, 'cmake_clean_cache': False, 'cmake_clean_first': False, 'cmake_force_configure': False, 'cmake_target': None, 'cmake_target_skip_unavailable': False, 'install_base': '/home/rodrigo/Documentos/Dron/dron_jazzy_ws/install/mav_control', 'merge_install': False, 'path': '/home/rodrigo/Documentos/Dron/dron_jazzy_ws/src/mav_control', 'symlink_install': False, 'test_result_base': None}
[0.305s] Level 5:colcon.colcon_core.verb:set package 'sim_dron' build argument 'cmake_args' from command line to 'None'
[0.305s] Level 5:colcon.colcon_core.verb:set package 'sim_dron' build argument 'cmake_target' from command line to 'None'
[0.305s] Level 5:colcon.colcon_core.verb:set package 'sim_dron' build argument 'cmake_target_skip_unavailable' from command line to 'False'
[0.305s] Level 5:colcon.colcon_core.verb:set package 'sim_dron' build argument 'cmake_clean_cache' from command line to 'False'
[0.305s] Level 5:colcon.colcon_core.verb:set package 'sim_dron' build argument 'cmake_clean_first' from command line to 'False'
[0.305s] Level 5:colcon.colcon_core.verb:set package 'sim_dron' build argument 'cmake_force_configure' from command line to 'False'
[0.305s] Level 5:colcon.colcon_core.verb:set package 'sim_dron' build argument 'ament_cmake_args' from command line to 'None'
[0.305s] Level 5:colcon.colcon_core.verb:set package 'sim_dron' build argument 'catkin_cmake_args' from command line to 'None'
[0.305s] Level 5:colcon.colcon_core.verb:set package 'sim_dron' build argument 'catkin_skip_building_tests' from command line to 'False'
[0.305s] DEBUG:colcon.colcon_core.verb:Building package 'sim_dron' with the following arguments: {'ament_cmake_args': None, 'build_base': '/home/rodrigo/Documentos/Dron/dron_jazzy_ws/build/sim_dron', 'catkin_cmake_args': None, 'catkin_skip_building_tests': False, 'cmake_args': None, 'cmake_clean_cache': False, 'cmake_clean_first': False, 'cmake_force_configure': False, 'cmake_target': None, 'cmake_target_skip_unavailable': False, 'install_base': '/home/rodrigo/Documentos/Dron/dron_jazzy_ws/install/sim_dron', 'merge_install': False, 'path': '/home/rodrigo/Documentos/Dron/dron_jazzy_ws/src/sim_dron', 'symlink_install': False, 'test_result_base': None}
[0.305s] INFO:colcon.colcon_core.executor:Executing jobs using 'parallel' executor
[0.306s] DEBUG:colcon.colcon_parallel_executor.executor.parallel:run_until_complete
[0.307s] INFO:colcon.colcon_ros.task.ament_python.build:Building ROS package in '/home/rodrigo/Documentos/Dron/dron_jazzy_ws/src/mav_control' with build type 'ament_python'
[0.307s] Level 1:colcon.colcon_core.shell:create_environment_hook('mav_control', 'ament_prefix_path')
[0.309s] INFO:colcon.colcon_core.plugin_system:Skipping extension 'colcon_core.shell.bat': Not used on non-Windows systems
[0.310s] INFO:colcon.colcon_core.shell:Creating environment hook '/home/rodrigo/Documentos/Dron/dron_jazzy_ws/install/mav_control/share/mav_control/hook/ament_prefix_path.ps1'
[0.311s] INFO:colcon.colcon_core.shell:Creating environment descriptor '/home/rodrigo/Documentos/Dron/dron_jazzy_ws/install/mav_control/share/mav_control/hook/ament_prefix_path.dsv'
[0.311s] INFO:colcon.colcon_core.shell:Creating environment hook '/home/rodrigo/Documentos/Dron/dron_jazzy_ws/install/mav_control/share/mav_control/hook/ament_prefix_path.sh'
[0.312s] INFO:colcon.colcon_core.shell:Skip shell extension 'powershell' for command environment: Not usable outside of PowerShell
[0.312s] DEBUG:colcon.colcon_core.shell:Skip shell extension 'dsv' for command environment
[0.315s] INFO:colcon.colcon_ros.task.ament_python.build:Building ROS package in '/home/rodrigo/Documentos/Dron/dron_jazzy_ws/src/sim_dron' with build type 'ament_python'
[0.315s] Level 1:colcon.colcon_core.shell:create_environment_hook('sim_dron', 'ament_prefix_path')
[0.315s] INFO:colcon.colcon_core.shell:Creating environment hook '/home/rodrigo/Documentos/Dron/dron_jazzy_ws/install/sim_dron/share/sim_dron/hook/ament_prefix_path.ps1'
[0.316s] INFO:colcon.colcon_core.shell:Creating environment descriptor '/home/rodrigo/Documentos/Dron/dron_jazzy_ws/install/sim_dron/share/sim_dron/hook/ament_prefix_path.dsv'
[0.317s] INFO:colcon.colcon_core.shell:Creating environment hook '/home/rodrigo/Documentos/Dron/dron_jazzy_ws/install/sim_dron/share/sim_dron/hook/ament_prefix_path.sh'
[0.318s] INFO:colcon.colcon_core.shell:Skip shell extension 'powershell' for command environment: Not usable outside of PowerShell
[0.318s] DEBUG:colcon.colcon_core.shell:Skip shell extension 'dsv' for command environment
[0.585s] INFO:colcon.colcon_core.task.python.build:Building Python package in '/home/rodrigo/Documentos/Dron/dron_jazzy_ws/src/mav_control'
[0.586s] INFO:colcon.colcon_core.shell:Skip shell extension 'powershell' for command environment: Not usable outside of PowerShell
[0.586s] DEBUG:colcon.colcon_core.shell:Skip shell extension 'dsv' for command environment
[0.869s] INFO:colcon.colcon_core.task.python.build:Building Python package in '/home/rodrigo/Documentos/Dron/dron_jazzy_ws/src/sim_dron'
[0.869s] INFO:colcon.colcon_core.shell:Skip shell extension 'powershell' for command environment: Not usable outside of PowerShell
[0.869s] DEBUG:colcon.colcon_core.shell:Skip shell extension 'dsv' for command environment
[1.679s] DEBUG:colcon.colcon_core.event_handler.log_command:Invoking command in '/home/rodrigo/Documentos/Dron/dron_jazzy_ws/src/sim_dron': DEBUGINFOD_URLS=https://debuginfod.ubuntu.com PS1=\[\e]0;\u@\h: \w\a\]${debian_chroot:+($debian_chroot)}\[\033[01;32m\]\u@\h\[\033[00m\]:\[\033[01;34m\]\w\[\033[00m\]\$ PYTHONPATH=/home/rodrigo/Documentos/Dron/dron_jazzy_ws/build/sim_dron/prefix_override:/usr/lib/python3/dist-packages/colcon_core/task/python/colcon_distutils_commands:/home/rodrigo/Documentos/Dron/dron_jazzy_ws/install/sim_dron/lib/python3.12/site-packages:${PYTHONPATH} VIRTUAL_ENV_PROMPT=(venv-ardupilot) /usr/bin/python3 -W ignore:setup.py install is deprecated -W ignore:easy_install command is deprecated setup.py egg_info --egg-base ../../build/sim_dron build --build-base /home/rodrigo/Documentos/Dron/dron_jazzy_ws/build/sim_dron/build install --record /home/rodrigo/Documentos/Dron/dron_jazzy_ws/build/sim_dron/install.log --single-version-externally-managed install_data
[1.684s] DEBUG:colcon.colcon_core.event_handler.log_command:Invoking command in '/home/rodrigo/Documentos/Dron/dron_jazzy_ws/src/mav_control': DEBUGINFOD_URLS=https://debuginfod.ubuntu.com PS1=\[\e]0;\u@\h: \w\a\]${debian_chroot:+($debian_chroot)}\[\033[01;32m\]\u@\h\[\033[00m\]:\[\033[01;34m\]\w\[\033[00m\]\$ PYTHONPATH=/home/rodrigo/Documentos/Dron/dron_jazzy_ws/build/mav_control/prefix_override:/usr/lib/python3/dist-packages/colcon_core/task/python/colcon_distutils_commands:/home/rodrigo/Documentos/Dron/dron_jazzy_ws/install/mav_control/lib/python3.12/site-packages:${PYTHONPATH} VIRTUAL_ENV_PROMPT=(venv-ardupilot) /usr/bin/python3 -W ignore:setup.py install is deprecated -W ignore:easy_install command is deprecated setup.py egg_info --egg-base ../../build/mav_control build --build-base /home/rodrigo/Documentos/Dron/dron_jazzy_ws/build/mav_control/build install --record /home/rodrigo/Documentos/Dron/dron_jazzy_ws/build/mav_control/install.log --single-version-externally-managed install_data
[2.399s] DEBUG:colcon.colcon_core.event_handler.log_command:Invoked command in '/home/rodrigo/Documentos/Dron/dron_jazzy_ws/src/sim_dron' returned '0': DEBUGINFOD_URLS=https://debuginfod.ubuntu.com PS1=\[\e]0;\u@\h: \w\a\]${debian_chroot:+($debian_chroot)}\[\033[01;32m\]\u@\h\[\033[00m\]:\[\033[01;34m\]\w\[\033[00m\]\$ PYTHONPATH=/home/rodrigo/Documentos/Dron/dron_jazzy_ws/build/sim_dron/prefix_override:/usr/lib/python3/dist-packages/colcon_core/task/python/colcon_distutils_commands:/home/rodrigo/Documentos/Dron/dron_jazzy_ws/install/sim_dron/lib/python3.12/site-packages:${PYTHONPATH} VIRTUAL_ENV_PROMPT=(venv-ardupilot) /usr/bin/python3 -W ignore:setup.py install is deprecated -W ignore:easy_install command is deprecated setup.py egg_info --egg-base ../../build/sim_dron build --build-base /home/rodrigo/Documentos/Dron/dron_jazzy_ws/build/sim_dron/build install --record /home/rodrigo/Documentos/Dron/dron_jazzy_ws/build/sim_dron/install.log --single-version-externally-managed install_data
[2.404s] Level 1:colcon.colcon_core.environment:checking '/home/rodrigo/Documentos/Dron/dron_jazzy_ws/install/sim_dron' for CMake module files
[2.405s] Level 1:colcon.colcon_core.environment:checking '/home/rodrigo/Documentos/Dron/dron_jazzy_ws/install/sim_dron' for CMake config files
[2.407s] Level 1:colcon.colcon_core.environment:checking '/home/rodrigo/Documentos/Dron/dron_jazzy_ws/install/sim_dron/lib'
[2.407s] Level 1:colcon.colcon_core.environment:checking '/home/rodrigo/Documentos/Dron/dron_jazzy_ws/install/sim_dron/bin'
[2.408s] Level 1:colcon.colcon_core.environment:checking '/home/rodrigo/Documentos/Dron/dron_jazzy_ws/install/sim_dron/lib/pkgconfig/sim_dron.pc'
[2.408s] Level 1:colcon.colcon_core.environment:checking '/home/rodrigo/Documentos/Dron/dron_jazzy_ws/install/sim_dron/lib/python3.12/site-packages'
[2.409s] Level 1:colcon.colcon_core.shell:create_environment_hook('sim_dron', 'pythonpath')
[2.409s] INFO:colcon.colcon_core.shell:Creating environment hook '/home/rodrigo/Documentos/Dron/dron_jazzy_ws/install/sim_dron/share/sim_dron/hook/pythonpath.ps1'
[2.410s] INFO:colcon.colcon_core.shell:Creating environment descriptor '/home/rodrigo/Documentos/Dron/dron_jazzy_ws/install/sim_dron/share/sim_dron/hook/pythonpath.dsv'
[2.411s] INFO:colcon.colcon_core.shell:Creating environment hook '/home/rodrigo/Documentos/Dron/dron_jazzy_ws/install/sim_dron/share/sim_dron/hook/pythonpath.sh'
[2.412s] Level 1:colcon.colcon_core.environment:checking '/home/rodrigo/Documentos/Dron/dron_jazzy_ws/install/sim_dron/bin'
[2.412s] Level 1:colcon.colcon_core.environment:create_environment_scripts_only(sim_dron)
[2.413s] INFO:colcon.colcon_core.shell:Creating package script '/home/rodrigo/Documentos/Dron/dron_jazzy_ws/install/sim_dron/share/sim_dron/package.ps1'
[2.415s] INFO:colcon.colcon_core.shell:Creating package descriptor '/home/rodrigo/Documentos/Dron/dron_jazzy_ws/install/sim_dron/share/sim_dron/package.dsv'
[2.416s] INFO:colcon.colcon_core.shell:Creating package script '/home/rodrigo/Documentos/Dron/dron_jazzy_ws/install/sim_dron/share/sim_dron/package.sh'
[2.418s] INFO:colcon.colcon_core.shell:Creating package script '/home/rodrigo/Documentos/Dron/dron_jazzy_ws/install/sim_dron/share/sim_dron/package.bash'
[2.420s] INFO:colcon.colcon_core.shell:Creating package script '/home/rodrigo/Documentos/Dron/dron_jazzy_ws/install/sim_dron/share/sim_dron/package.zsh'
[2.422s] Level 1:colcon.colcon_core.environment:create_file_with_runtime_dependencies(/home/rodrigo/Documentos/Dron/dron_jazzy_ws/install/sim_dron/share/colcon-core/packages/sim_dron)
[2.425s] Level 1:colcon.colcon_core.environment:checking '/home/rodrigo/Documentos/Dron/dron_jazzy_ws/install/mav_control' for CMake module files
[2.426s] DEBUG:colcon.colcon_core.event_handler.log_command:Invoked command in '/home/rodrigo/Documentos/Dron/dron_jazzy_ws/src/mav_control' returned '0': DEBUGINFOD_URLS=https://debuginfod.ubuntu.com PS1=\[\e]0;\u@\h: \w\a\]${debian_chroot:+($debian_chroot)}\[\033[01;32m\]\u@\h\[\033[00m\]:\[\033[01;34m\]\w\[\033[00m\]\$ PYTHONPATH=/home/rodrigo/Documentos/Dron/dron_jazzy_ws/build/mav_control/prefix_override:/usr/lib/python3/dist-packages/colcon_core/task/python/colcon_distutils_commands:/home/rodrigo/Documentos/Dron/dron_jazzy_ws/install/mav_control/lib/python3.12/site-packages:${PYTHONPATH} VIRTUAL_ENV_PROMPT=(venv-ardupilot) /usr/bin/python3 -W ignore:setup.py install is deprecated -W ignore:easy_install command is deprecated setup.py egg_info --egg-base ../../build/mav_control build --build-base /home/rodrigo/Documentos/Dron/dron_jazzy_ws/build/mav_control/build install --record /home/rodrigo/Documentos/Dron/dron_jazzy_ws/build/mav_control/install.log --single-version-externally-managed install_data
[2.427s] Level 1:colcon.colcon_core.environment:checking '/home/rodrigo/Documentos/Dron/dron_jazzy_ws/install/mav_control' for CMake config files
[2.428s] Level 1:colcon.colcon_core.environment:checking '/home/rodrigo/Documentos/Dron/dron_jazzy_ws/install/mav_control/lib'
[2.428s] Level 1:colcon.colcon_core.environment:checking '/home/rodrigo/Documentos/Dron/dron_jazzy_ws/install/mav_control/bin'
[2.429s] Level 1:colcon.colcon_core.environment:checking '/home/rodrigo/Documentos/Dron/dron_jazzy_ws/install/mav_control/lib/pkgconfig/mav_control.pc'
[2.429s] Level 1:colcon.colcon_core.environment:checking '/home/rodrigo/Documentos/Dron/dron_jazzy_ws/install/mav_control/lib/python3.12/site-packages'
[2.430s] Level 1:colcon.colcon_core.shell:create_environment_hook('mav_control', 'pythonpath')
[2.430s] INFO:colcon.colcon_core.shell:Creating environment hook '/home/rodrigo/Documentos/Dron/dron_jazzy_ws/install/mav_control/share/mav_control/hook/pythonpath.ps1'
[2.431s] INFO:colcon.colcon_core.shell:Creating environment descriptor '/home/rodrigo/Documentos/Dron/dron_jazzy_ws/install/mav_control/share/mav_control/hook/pythonpath.dsv'
[2.432s] INFO:colcon.colcon_core.shell:Creating environment hook '/home/rodrigo/Documentos/Dron/dron_jazzy_ws/install/mav_control/share/mav_control/hook/pythonpath.sh'
[2.433s] Level 1:colcon.colcon_core.environment:checking '/home/rodrigo/Documentos/Dron/dron_jazzy_ws/install/mav_control/bin'
[2.433s] Level 1:colcon.colcon_core.environment:create_environment_scripts_only(mav_control)
[2.434s] INFO:colcon.colcon_core.shell:Creating package script '/home/rodrigo/Documentos/Dron/dron_jazzy_ws/install/mav_control/share/mav_control/package.ps1'
[2.435s] INFO:colcon.colcon_core.shell:Creating package descriptor '/home/rodrigo/Documentos/Dron/dron_jazzy_ws/install/mav_control/share/mav_control/package.dsv'
[2.436s] INFO:colcon.colcon_core.shell:Creating package script '/home/rodrigo/Documentos/Dron/dron_jazzy_ws/install/mav_control/share/mav_control/package.sh'
[2.436s] INFO:colcon.colcon_core.shell:Creating package script '/home/rodrigo/Documentos/Dron/dron_jazzy_ws/install/mav_control/share/mav_control/package.bash'
[2.436s] INFO:colcon.colcon_core.shell:Creating package script '/home/rodrigo/Documentos/Dron/dron_jazzy_ws/install/mav_control/share/mav_control/package.zsh'
[2.437s] Level 1:colcon.colcon_core.environment:create_file_with_runtime_dependencies(/home/rodrigo/Documentos/Dron/dron_jazzy_ws/install/mav_control/share/colcon-core/packages/mav_control)
[2.437s] DEBUG:colcon.colcon_parallel_executor.executor.parallel:closing loop
[2.437s] DEBUG:colcon.colcon_parallel_executor.executor.parallel:loop closed
[2.438s] DEBUG:colcon.colcon_parallel_executor.executor.parallel:run_until_complete finished with '0'
[2.438s] DEBUG:colcon.colcon_core.event_reactor:joining thread
[2.450s] INFO:colcon.colcon_core.plugin_system:Skipping extension 'colcon_notification.desktop_notification.terminal_notifier': Not used on non-Darwin systems
[2.450s] INFO:colcon.colcon_core.plugin_system:Skipping extension 'colcon_notification.desktop_notification.win32': Not used on non-Windows systems
[2.450s] INFO:colcon.colcon_notification.desktop_notification:Sending desktop notification using 'notify2'
[2.482s] DEBUG:colcon.colcon_core.event_reactor:joined thread
[2.482s] INFO:colcon.colcon_core.shell:Creating prefix script '/home/rodrigo/Documentos/Dron/dron_jazzy_ws/install/local_setup.ps1'
[2.484s] INFO:colcon.colcon_core.shell:Creating prefix util module '/home/rodrigo/Documentos/Dron/dron_jazzy_ws/install/_local_setup_util_ps1.py'
[2.487s] INFO:colcon.colcon_core.shell:Creating prefix chain script '/home/rodrigo/Documentos/Dron/dron_jazzy_ws/install/setup.ps1'
[2.490s] INFO:colcon.colcon_core.shell:Creating prefix script '/home/rodrigo/Documentos/Dron/dron_jazzy_ws/install/local_setup.sh'
[2.491s] INFO:colcon.colcon_core.shell:Creating prefix util module '/home/rodrigo/Documentos/Dron/dron_jazzy_ws/install/_local_setup_util_sh.py'
[2.492s] INFO:colcon.colcon_core.shell:Creating prefix chain script '/home/rodrigo/Documentos/Dron/dron_jazzy_ws/install/setup.sh'
[2.493s] INFO:colcon.colcon_core.shell:Creating prefix script '/home/rodrigo/Documentos/Dron/dron_jazzy_ws/install/local_setup.bash'
[2.494s] INFO:colcon.colcon_core.shell:Creating prefix chain script '/home/rodrigo/Documentos/Dron/dron_jazzy_ws/install/setup.bash'
[2.494s] INFO:colcon.colcon_core.shell:Creating prefix script '/home/rodrigo/Documentos/Dron/dron_jazzy_ws/install/local_setup.zsh'
[2.495s] INFO:colcon.colcon_core.shell:Creating prefix chain script '/home/rodrigo/Documentos/Dron/dron_jazzy_ws/install/setup.zsh'
