running egg_info
creating ../../build/mav_control/mav_control.egg-info
writing ../../build/mav_control/mav_control.egg-info/PKG-INFO
writing dependency_links to ../../build/mav_control/mav_control.egg-info/dependency_links.txt
writing requirements to ../../build/mav_control/mav_control.egg-info/requires.txt
writing top-level names to ../../build/mav_control/mav_control.egg-info/top_level.txt
writing manifest file '../../build/mav_control/mav_control.egg-info/SOURCES.txt'
reading manifest file '../../build/mav_control/mav_control.egg-info/SOURCES.txt'
adding license file 'LICENSE'
writing manifest file '../../build/mav_control/mav_control.egg-info/SOURCES.txt'
running build
running build_py
creating /home/rodrigo/Documentos/Dron/dron_jazzy_ws/build/mav_control/build
creating /home/rodrigo/Documentos/Dron/dron_jazzy_ws/build/mav_control/build/lib
creating /home/rodrigo/Documentos/Dron/dron_jazzy_ws/build/mav_control/build/lib/mav_control
copying mav_control/control.py -> /home/rodrigo/Documentos/Dron/dron_jazzy_ws/build/mav_control/build/lib/mav_control
copying mav_control/__init__.py -> /home/rodrigo/Documentos/Dron/dron_jazzy_ws/build/mav_control/build/lib/mav_control
copying mav_control/mav_msg.py -> /home/rodrigo/Documentos/Dron/dron_jazzy_ws/build/mav_control/build/lib/mav_control
running install
running install_lib
creating /home/rodrigo/Documentos/Dron/dron_jazzy_ws/install/mav_control/lib/python3.12/site-packages/mav_control
copying /home/rodrigo/Documentos/Dron/dron_jazzy_ws/build/mav_control/build/lib/mav_control/control.py -> /home/rodrigo/Documentos/Dron/dron_jazzy_ws/install/mav_control/lib/python3.12/site-packages/mav_control
copying /home/rodrigo/Documentos/Dron/dron_jazzy_ws/build/mav_control/build/lib/mav_control/__init__.py -> /home/rodrigo/Documentos/Dron/dron_jazzy_ws/install/mav_control/lib/python3.12/site-packages/mav_control
copying /home/rodrigo/Documentos/Dron/dron_jazzy_ws/build/mav_control/build/lib/mav_control/mav_msg.py -> /home/rodrigo/Documentos/Dron/dron_jazzy_ws/install/mav_control/lib/python3.12/site-packages/mav_control
byte-compiling /home/rodrigo/Documentos/Dron/dron_jazzy_ws/install/mav_control/lib/python3.12/site-packages/mav_control/control.py to control.cpython-312.pyc
byte-compiling /home/rodrigo/Documentos/Dron/dron_jazzy_ws/install/mav_control/lib/python3.12/site-packages/mav_control/__init__.py to __init__.cpython-312.pyc
byte-compiling /home/rodrigo/Documentos/Dron/dron_jazzy_ws/install/mav_control/lib/python3.12/site-packages/mav_control/mav_msg.py to mav_msg.cpython-312.pyc
running install_data
creating /home/rodrigo/Documentos/Dron/dron_jazzy_ws/install/mav_control/share/ament_index
creating /home/rodrigo/Documentos/Dron/dron_jazzy_ws/install/mav_control/share/ament_index/resource_index
creating /home/rodrigo/Documentos/Dron/dron_jazzy_ws/install/mav_control/share/ament_index/resource_index/packages
copying resource/mav_control -> /home/rodrigo/Documentos/Dron/dron_jazzy_ws/install/mav_control/share/ament_index/resource_index/packages
copying package.xml -> /home/rodrigo/Documentos/Dron/dron_jazzy_ws/install/mav_control/share/mav_control
running install_egg_info
Copying ../../build/mav_control/mav_control.egg-info to /home/rodrigo/Documentos/Dron/dron_jazzy_ws/install/mav_control/lib/python3.12/site-packages/mav_control-0.0.0-py3.12.egg-info
running install_scripts
writing list of installed files to '/home/rodrigo/Documentos/Dron/dron_jazzy_ws/build/mav_control/install.log'
