running egg_info
writing ../../build/mav_control/mav_control.egg-info/PKG-INFO
writing dependency_links to ../../build/mav_control/mav_control.egg-info/dependency_links.txt
writing entry points to ../../build/mav_control/mav_control.egg-info/entry_points.txt
writing requirements to ../../build/mav_control/mav_control.egg-info/requires.txt
writing top-level names to ../../build/mav_control/mav_control.egg-info/top_level.txt
reading manifest file '../../build/mav_control/mav_control.egg-info/SOURCES.txt'
adding license file 'LICENSE'
writing manifest file '../../build/mav_control/mav_control.egg-info/SOURCES.txt'
running build
running build_py
running install
running install_lib
running install_data
copying package.xml -> /home/rodrigo/Documentos/Dron/dron_jazzy_ws/install/mav_control/share/mav_control
running install_egg_info
removing '/home/rodrigo/Documentos/Dron/dron_jazzy_ws/install/mav_control/lib/python3.12/site-packages/mav_control-0.0.0-py3.12.egg-info' (and everything under it)
Copying ../../build/mav_control/mav_control.egg-info to /home/rodrigo/Documentos/Dron/dron_jazzy_ws/install/mav_control/lib/python3.12/site-packages/mav_control-0.0.0-py3.12.egg-info
running install_scripts
Installing control script to /home/rodrigo/Documentos/Dron/dron_jazzy_ws/install/mav_control/lib/mav_control
Installing mav_msg script to /home/rodrigo/Documentos/Dron/dron_jazzy_ws/install/mav_control/lib/mav_control
writing list of installed files to '/home/rodrigo/Documentos/Dron/dron_jazzy_ws/build/mav_control/install.log'
