[1.351s] Invoking command in '/home/rodrigo/Documentos/Dron/dron_jazzy_ws/src/mav_control': DEBUGINFOD_URLS=https://debuginfod.ubuntu.com PS1=\[\e]0;\u@\h: \w\a\]${debian_chroot:+($debian_chroot)}\[\033[01;32m\]\u@\h\[\033[00m\]:\[\033[01;34m\]\w\[\033[00m\]\$ PYTHONPATH=/home/rodrigo/Documentos/Dron/dron_jazzy_ws/build/mav_control/prefix_override:/usr/lib/python3/dist-packages/colcon_core/task/python/colcon_distutils_commands:/home/rodrigo/Documentos/Dron/dron_jazzy_ws/install/mav_control/lib/python3.12/site-packages:${PYTHONPATH} VIRTUAL_ENV_PROMPT=(venv-ardupilot) /usr/bin/python3 -W ignore:setup.py install is deprecated -W ignore:easy_install command is deprecated setup.py egg_info --egg-base ../../build/mav_control build --build-base /home/rodrigo/Documentos/Dron/dron_jazzy_ws/build/mav_control/build install --record /home/rodrigo/Documentos/Dron/dron_jazzy_ws/build/mav_control/install.log --single-version-externally-managed install_data
[1.697s] running egg_info
[1.726s] writing ../../build/mav_control/mav_control.egg-info/PKG-INFO
[1.726s] writing dependency_links to ../../build/mav_control/mav_control.egg-info/dependency_links.txt
[1.726s] writing entry points to ../../build/mav_control/mav_control.egg-info/entry_points.txt
[1.726s] writing requirements to ../../build/mav_control/mav_control.egg-info/requires.txt
[1.727s] writing top-level names to ../../build/mav_control/mav_control.egg-info/top_level.txt
[1.779s] reading manifest file '../../build/mav_control/mav_control.egg-info/SOURCES.txt'
[1.779s] adding license file 'LICENSE'
[1.780s] writing manifest file '../../build/mav_control/mav_control.egg-info/SOURCES.txt'
[1.780s] running build
[1.780s] running build_py
[1.781s] running install
[1.789s] running install_lib
[1.816s] running install_data
[1.816s] copying package.xml -> /home/rodrigo/Documentos/Dron/dron_jazzy_ws/install/mav_control/share/mav_control
[1.817s] running install_egg_info
[1.847s] removing '/home/rodrigo/Documentos/Dron/dron_jazzy_ws/install/mav_control/lib/python3.12/site-packages/mav_control-0.0.0-py3.12.egg-info' (and everything under it)
[1.847s] Copying ../../build/mav_control/mav_control.egg-info to /home/rodrigo/Documentos/Dron/dron_jazzy_ws/install/mav_control/lib/python3.12/site-packages/mav_control-0.0.0-py3.12.egg-info
[1.848s] running install_scripts
[2.015s] Installing control script to /home/rodrigo/Documentos/Dron/dron_jazzy_ws/install/mav_control/lib/mav_control
[2.016s] Installing mav_msg script to /home/rodrigo/Documentos/Dron/dron_jazzy_ws/install/mav_control/lib/mav_control
[2.016s] writing list of installed files to '/home/rodrigo/Documentos/Dron/dron_jazzy_ws/build/mav_control/install.log'
[2.094s] Invoked command in '/home/rodrigo/Documentos/Dron/dron_jazzy_ws/src/mav_control' returned '0': DEBUGINFOD_URLS=https://debuginfod.ubuntu.com PS1=\[\e]0;\u@\h: \w\a\]${debian_chroot:+($debian_chroot)}\[\033[01;32m\]\u@\h\[\033[00m\]:\[\033[01;34m\]\w\[\033[00m\]\$ PYTHONPATH=/home/rodrigo/Documentos/Dron/dron_jazzy_ws/build/mav_control/prefix_override:/usr/lib/python3/dist-packages/colcon_core/task/python/colcon_distutils_commands:/home/rodrigo/Documentos/Dron/dron_jazzy_ws/install/mav_control/lib/python3.12/site-packages:${PYTHONPATH} VIRTUAL_ENV_PROMPT=(venv-ardupilot) /usr/bin/python3 -W ignore:setup.py install is deprecated -W ignore:easy_install command is deprecated setup.py egg_info --egg-base ../../build/mav_control build --build-base /home/rodrigo/Documentos/Dron/dron_jazzy_ws/build/mav_control/build install --record /home/rodrigo/Documentos/Dron/dron_jazzy_ws/build/mav_control/install.log --single-version-externally-managed install_data
