running egg_info
writing ../../build/sim_dron/sim_dron.egg-info/PKG-INFO
writing dependency_links to ../../build/sim_dron/sim_dron.egg-info/dependency_links.txt
writing entry points to ../../build/sim_dron/sim_dron.egg-info/entry_points.txt
writing requirements to ../../build/sim_dron/sim_dron.egg-info/requires.txt
writing top-level names to ../../build/sim_dron/sim_dron.egg-info/top_level.txt
reading manifest file '../../build/sim_dron/sim_dron.egg-info/SOURCES.txt'
adding license file 'LICENSE'
writing manifest file '../../build/sim_dron/sim_dron.egg-info/SOURCES.txt'
running build
running build_py
running install
running install_lib
running install_data
running install_egg_info
removing '/home/rodrigo/Documentos/Dron/dron_jazzy_ws/install/sim_dron/lib/python3.12/site-packages/sim_dron-0.0.0-py3.12.egg-info' (and everything under it)
Copying ../../build/sim_dron/sim_dron.egg-info to /home/rodrigo/Documentos/Dron/dron_jazzy_ws/install/sim_dron/lib/python3.12/site-packages/sim_dron-0.0.0-py3.12.egg-info
running install_scripts
Installing vision script to /home/rodrigo/Documentos/Dron/dron_jazzy_ws/install/sim_dron/lib/sim_dron
writing list of installed files to '/home/rodrigo/Documentos/Dron/dron_jazzy_ws/build/sim_dron/install.log'
