[1.374s] Invoking command in '/home/rodrigo/Documentos/Dron/dron_jazzy_ws/src/sim_dron': DEBUGINFOD_URLS=https://debuginfod.ubuntu.com PS1=\[\e]0;\u@\h: \w\a\]${debian_chroot:+($debian_chroot)}\[\033[01;32m\]\u@\h\[\033[00m\]:\[\033[01;34m\]\w\[\033[00m\]\$ PYTHONPATH=/home/rodrigo/Documentos/Dron/dron_jazzy_ws/build/sim_dron/prefix_override:/usr/lib/python3/dist-packages/colcon_core/task/python/colcon_distutils_commands:/home/rodrigo/Documentos/Dron/dron_jazzy_ws/install/sim_dron/lib/python3.12/site-packages:${PYTHONPATH} /usr/bin/python3 -W ignore:setup.py install is deprecated -W ignore:easy_install command is deprecated setup.py egg_info --egg-base ../../build/sim_dron build --build-base /home/rodrigo/Documentos/Dron/dron_jazzy_ws/build/sim_dron/build install --record /home/rodrigo/Documentos/Dron/dron_jazzy_ws/build/sim_dron/install.log --single-version-externally-managed install_data
[1.717s] running egg_info
[1.746s] writing ../../build/sim_dron/sim_dron.egg-info/PKG-INFO
[1.746s] writing dependency_links to ../../build/sim_dron/sim_dron.egg-info/dependency_links.txt
[1.746s] writing entry points to ../../build/sim_dron/sim_dron.egg-info/entry_points.txt
[1.746s] writing requirements to ../../build/sim_dron/sim_dron.egg-info/requires.txt
[1.746s] writing top-level names to ../../build/sim_dron/sim_dron.egg-info/top_level.txt
[1.799s] reading manifest file '../../build/sim_dron/sim_dron.egg-info/SOURCES.txt'
[1.800s] adding license file 'LICENSE'
[1.800s] writing manifest file '../../build/sim_dron/sim_dron.egg-info/SOURCES.txt'
[1.800s] running build
[1.800s] running build_py
[1.801s] running install
[1.808s] running install_lib
[1.836s] running install_data
[1.837s] running install_egg_info
[1.864s] removing '/home/rodrigo/Documentos/Dron/dron_jazzy_ws/install/sim_dron/lib/python3.12/site-packages/sim_dron-0.0.0-py3.12.egg-info' (and everything under it)
[1.865s] Copying ../../build/sim_dron/sim_dron.egg-info to /home/rodrigo/Documentos/Dron/dron_jazzy_ws/install/sim_dron/lib/python3.12/site-packages/sim_dron-0.0.0-py3.12.egg-info
[1.866s] running install_scripts
[2.038s] Installing vision script to /home/rodrigo/Documentos/Dron/dron_jazzy_ws/install/sim_dron/lib/sim_dron
[2.041s] writing list of installed files to '/home/rodrigo/Documentos/Dron/dron_jazzy_ws/build/sim_dron/install.log'
[2.096s] Invoked command in '/home/rodrigo/Documentos/Dron/dron_jazzy_ws/src/sim_dron' returned '0': DEBUGINFOD_URLS=https://debuginfod.ubuntu.com PS1=\[\e]0;\u@\h: \w\a\]${debian_chroot:+($debian_chroot)}\[\033[01;32m\]\u@\h\[\033[00m\]:\[\033[01;34m\]\w\[\033[00m\]\$ PYTHONPATH=/home/rodrigo/Documentos/Dron/dron_jazzy_ws/build/sim_dron/prefix_override:/usr/lib/python3/dist-packages/colcon_core/task/python/colcon_distutils_commands:/home/rodrigo/Documentos/Dron/dron_jazzy_ws/install/sim_dron/lib/python3.12/site-packages:${PYTHONPATH} /usr/bin/python3 -W ignore:setup.py install is deprecated -W ignore:easy_install command is deprecated setup.py egg_info --egg-base ../../build/sim_dron build --build-base /home/rodrigo/Documentos/Dron/dron_jazzy_ws/build/sim_dron/build install --record /home/rodrigo/Documentos/Dron/dron_jazzy_ws/build/sim_dron/install.log --single-version-externally-managed install_data
