running egg_info
creating ../../build/sim_dron/sim_dron.egg-info
writing ../../build/sim_dron/sim_dron.egg-info/PKG-INFO
writing dependency_links to ../../build/sim_dron/sim_dron.egg-info/dependency_links.txt
writing entry points to ../../build/sim_dron/sim_dron.egg-info/entry_points.txt
writing requirements to ../../build/sim_dron/sim_dron.egg-info/requires.txt
writing top-level names to ../../build/sim_dron/sim_dron.egg-info/top_level.txt
writing manifest file '../../build/sim_dron/sim_dron.egg-info/SOURCES.txt'
reading manifest file '../../build/sim_dron/sim_dron.egg-info/SOURCES.txt'
adding license file 'LICENSE'
writing manifest file '../../build/sim_dron/sim_dron.egg-info/SOURCES.txt'
running build
running build_py
creating /home/rodrigo/Documentos/Dron/dron_jazzy_ws/build/sim_dron/build
creating /home/rodrigo/Documentos/Dron/dron_jazzy_ws/build/sim_dron/build/lib
creating /home/rodrigo/Documentos/Dron/dron_jazzy_ws/build/sim_dron/build/lib/sim_dron
copying sim_dron/vision.py -> /home/rodrigo/Documentos/Dron/dron_jazzy_ws/build/sim_dron/build/lib/sim_dron
copying sim_dron/__init__.py -> /home/rodrigo/Documentos/Dron/dron_jazzy_ws/build/sim_dron/build/lib/sim_dron
running install
running install_lib
creating /home/rodrigo/Documentos/Dron/dron_jazzy_ws/install/sim_dron/lib/python3.12/site-packages/sim_dron
copying /home/rodrigo/Documentos/Dron/dron_jazzy_ws/build/sim_dron/build/lib/sim_dron/vision.py -> /home/rodrigo/Documentos/Dron/dron_jazzy_ws/install/sim_dron/lib/python3.12/site-packages/sim_dron
copying /home/rodrigo/Documentos/Dron/dron_jazzy_ws/build/sim_dron/build/lib/sim_dron/__init__.py -> /home/rodrigo/Documentos/Dron/dron_jazzy_ws/install/sim_dron/lib/python3.12/site-packages/sim_dron
byte-compiling /home/rodrigo/Documentos/Dron/dron_jazzy_ws/install/sim_dron/lib/python3.12/site-packages/sim_dron/vision.py to vision.cpython-312.pyc
byte-compiling /home/rodrigo/Documentos/Dron/dron_jazzy_ws/install/sim_dron/lib/python3.12/site-packages/sim_dron/__init__.py to __init__.cpython-312.pyc
running install_data
creating /home/rodrigo/Documentos/Dron/dron_jazzy_ws/install/sim_dron/share/ament_index
creating /home/rodrigo/Documentos/Dron/dron_jazzy_ws/install/sim_dron/share/ament_index/resource_index
creating /home/rodrigo/Documentos/Dron/dron_jazzy_ws/install/sim_dron/share/ament_index/resource_index/packages
copying resource/sim_dron -> /home/rodrigo/Documentos/Dron/dron_jazzy_ws/install/sim_dron/share/ament_index/resource_index/packages
copying package.xml -> /home/rodrigo/Documentos/Dron/dron_jazzy_ws/install/sim_dron/share/sim_dron
creating /home/rodrigo/Documentos/Dron/dron_jazzy_ws/install/sim_dron/share/sim_dron/modelos
copying modelos/deploy.prototxt -> /home/rodrigo/Documentos/Dron/dron_jazzy_ws/install/sim_dron/share/sim_dron/modelos
copying modelos/res10_300x300_ssd_iter_140000_fp16.caffemodel -> /home/rodrigo/Documentos/Dron/dron_jazzy_ws/install/sim_dron/share/sim_dron/modelos
running install_egg_info
Copying ../../build/sim_dron/sim_dron.egg-info to /home/rodrigo/Documentos/Dron/dron_jazzy_ws/install/sim_dron/lib/python3.12/site-packages/sim_dron-0.0.0-py3.12.egg-info
running install_scripts
Installing vision script to /home/rodrigo/Documentos/Dron/dron_jazzy_ws/install/sim_dron/lib/sim_dron
writing list of installed files to '/home/rodrigo/Documentos/Dron/dron_jazzy_ws/build/sim_dron/install.log'
