[1.058s] Invoking command in '/home/rodrigo/Documentos/Dron/dron_jazzy_ws/src/sim_dron': DEBUGINFOD_URLS=https://debuginfod.ubuntu.com PS1=\[\e]0;\u@\h: \w\a\]${debian_chroot:+($debian_chroot)}\[\033[01;32m\]\u@\h\[\033[00m\]:\[\033[01;34m\]\w\[\033[00m\]\$ PYTHONPATH=/home/rodrigo/Documentos/Dron/dron_jazzy_ws/build/sim_dron/prefix_override:/usr/lib/python3/dist-packages/colcon_core/task/python/colcon_distutils_commands:/home/rodrigo/Documentos/Dron/dron_jazzy_ws/install/sim_dron/lib/python3.12/site-packages:${PYTHONPATH} VIRTUAL_ENV_PROMPT=(venv-ardupilot) /usr/bin/python3 -W ignore:setup.py install is deprecated -W ignore:easy_install command is deprecated setup.py egg_info --egg-base ../../build/sim_dron build --build-base /home/rodrigo/Documentos/Dron/dron_jazzy_ws/build/sim_dron/build install --record /home/rodrigo/Documentos/Dron/dron_jazzy_ws/build/sim_dron/install.log --single-version-externally-managed install_data
[1.414s] running egg_info
[1.415s] creating ../../build/sim_dron/sim_dron.egg-info
[1.441s] writing ../../build/sim_dron/sim_dron.egg-info/PKG-INFO
[1.442s] writing dependency_links to ../../build/sim_dron/sim_dron.egg-info/dependency_links.txt
[1.442s] writing entry points to ../../build/sim_dron/sim_dron.egg-info/entry_points.txt
[1.443s] writing requirements to ../../build/sim_dron/sim_dron.egg-info/requires.txt
[1.443s] writing top-level names to ../../build/sim_dron/sim_dron.egg-info/top_level.txt
[1.443s] writing manifest file '../../build/sim_dron/sim_dron.egg-info/SOURCES.txt'
[1.497s] reading manifest file '../../build/sim_dron/sim_dron.egg-info/SOURCES.txt'
[1.497s] adding license file 'LICENSE'
[1.497s] writing manifest file '../../build/sim_dron/sim_dron.egg-info/SOURCES.txt'
[1.498s] running build
[1.498s] running build_py
[1.498s] creating /home/rodrigo/Documentos/Dron/dron_jazzy_ws/build/sim_dron/build
[1.498s] creating /home/rodrigo/Documentos/Dron/dron_jazzy_ws/build/sim_dron/build/lib
[1.498s] creating /home/rodrigo/Documentos/Dron/dron_jazzy_ws/build/sim_dron/build/lib/sim_dron
[1.499s] copying sim_dron/vision.py -> /home/rodrigo/Documentos/Dron/dron_jazzy_ws/build/sim_dron/build/lib/sim_dron
[1.499s] copying sim_dron/__init__.py -> /home/rodrigo/Documentos/Dron/dron_jazzy_ws/build/sim_dron/build/lib/sim_dron
[1.499s] running install
[1.507s] running install_lib
[1.535s] creating /home/rodrigo/Documentos/Dron/dron_jazzy_ws/install/sim_dron/lib/python3.12/site-packages/sim_dron
[1.535s] copying /home/rodrigo/Documentos/Dron/dron_jazzy_ws/build/sim_dron/build/lib/sim_dron/vision.py -> /home/rodrigo/Documentos/Dron/dron_jazzy_ws/install/sim_dron/lib/python3.12/site-packages/sim_dron
[1.535s] copying /home/rodrigo/Documentos/Dron/dron_jazzy_ws/build/sim_dron/build/lib/sim_dron/__init__.py -> /home/rodrigo/Documentos/Dron/dron_jazzy_ws/install/sim_dron/lib/python3.12/site-packages/sim_dron
[1.535s] byte-compiling /home/rodrigo/Documentos/Dron/dron_jazzy_ws/install/sim_dron/lib/python3.12/site-packages/sim_dron/vision.py to vision.cpython-312.pyc
[1.537s] byte-compiling /home/rodrigo/Documentos/Dron/dron_jazzy_ws/install/sim_dron/lib/python3.12/site-packages/sim_dron/__init__.py to __init__.cpython-312.pyc
[1.537s] running install_data
[1.537s] creating /home/rodrigo/Documentos/Dron/dron_jazzy_ws/install/sim_dron/share/ament_index
[1.538s] creating /home/rodrigo/Documentos/Dron/dron_jazzy_ws/install/sim_dron/share/ament_index/resource_index
[1.538s] creating /home/rodrigo/Documentos/Dron/dron_jazzy_ws/install/sim_dron/share/ament_index/resource_index/packages
[1.538s] copying resource/sim_dron -> /home/rodrigo/Documentos/Dron/dron_jazzy_ws/install/sim_dron/share/ament_index/resource_index/packages
[1.538s] copying package.xml -> /home/rodrigo/Documentos/Dron/dron_jazzy_ws/install/sim_dron/share/sim_dron
[1.538s] creating /home/rodrigo/Documentos/Dron/dron_jazzy_ws/install/sim_dron/share/sim_dron/modelos
[1.539s] copying modelos/deploy.prototxt -> /home/rodrigo/Documentos/Dron/dron_jazzy_ws/install/sim_dron/share/sim_dron/modelos
[1.539s] copying modelos/res10_300x300_ssd_iter_140000_fp16.caffemodel -> /home/rodrigo/Documentos/Dron/dron_jazzy_ws/install/sim_dron/share/sim_dron/modelos
[1.543s] running install_egg_info
[1.571s] Copying ../../build/sim_dron/sim_dron.egg-info to /home/rodrigo/Documentos/Dron/dron_jazzy_ws/install/sim_dron/lib/python3.12/site-packages/sim_dron-0.0.0-py3.12.egg-info
[1.572s] running install_scripts
[1.745s] Installing vision script to /home/rodrigo/Documentos/Dron/dron_jazzy_ws/install/sim_dron/lib/sim_dron
[1.745s] writing list of installed files to '/home/rodrigo/Documentos/Dron/dron_jazzy_ws/build/sim_dron/install.log'
[1.794s] Invoked command in '/home/rodrigo/Documentos/Dron/dron_jazzy_ws/src/sim_dron' returned '0': DEBUGINFOD_URLS=https://debuginfod.ubuntu.com PS1=\[\e]0;\u@\h: \w\a\]${debian_chroot:+($debian_chroot)}\[\033[01;32m\]\u@\h\[\033[00m\]:\[\033[01;34m\]\w\[\033[00m\]\$ PYTHONPATH=/home/rodrigo/Documentos/Dron/dron_jazzy_ws/build/sim_dron/prefix_override:/usr/lib/python3/dist-packages/colcon_core/task/python/colcon_distutils_commands:/home/rodrigo/Documentos/Dron/dron_jazzy_ws/install/sim_dron/lib/python3.12/site-packages:${PYTHONPATH} VIRTUAL_ENV_PROMPT=(venv-ardupilot) /usr/bin/python3 -W ignore:setup.py install is deprecated -W ignore:easy_install command is deprecated setup.py egg_info --egg-base ../../build/sim_dron build --build-base /home/rodrigo/Documentos/Dron/dron_jazzy_ws/build/sim_dron/build install --record /home/rodrigo/Documentos/Dron/dron_jazzy_ws/build/sim_dron/install.log --single-version-externally-managed install_data
