[1.354s] Invoking command in '/home/rodrigo/Documentos/Dron/dron_jazzy_ws/build/mav_control': DEBUGINFOD_URLS=https://debuginfod.ubuntu.com PS1=(entV) \[\e]0;\u@\h: \w\a\]${debian_chroot:+($debian_chroot)}\[\033[01;32m\]\u@\h\[\033[00m\]:\[\033[01;34m\]\w\[\033[00m\]\$ PYTHONPATH=/home/rodrigo/Documentos/Dron/dron_jazzy_ws/build/mav_control/prefix_override:/usr/lib/python3/dist-packages/colcon_core/task/python/colcon_distutils_commands:/home/rodrigo/Documentos/Dron/dron_jazzy_ws/install/mav_control/lib/python3.12/site-packages:${PYTHONPATH} VIRTUAL_ENV_PROMPT=(entV) /usr/bin/python3 -W ignore:setup.py install is deprecated -W ignore:easy_install command is deprecated setup.py develop --uninstall --editable --build-directory /home/rodrigo/Documentos/Dron/dron_jazzy_ws/build/mav_control/build
[1.736s] running develop
[2.004s] Removing /home/rodrigo/Documentos/Dron/dron_jazzy_ws/install/mav_control/lib/python3.12/site-packages/mav-control.egg-link (link to .)
[2.074s] Invoked command in '/home/rodrigo/Documentos/Dron/dron_jazzy_ws/build/mav_control' returned '0': DEBUGINFOD_URLS=https://debuginfod.ubuntu.com PS1=(entV) \[\e]0;\u@\h: \w\a\]${debian_chroot:+($debian_chroot)}\[\033[01;32m\]\u@\h\[\033[00m\]:\[\033[01;34m\]\w\[\033[00m\]\$ PYTHONPATH=/home/rodrigo/Documentos/Dron/dron_jazzy_ws/build/mav_control/prefix_override:/usr/lib/python3/dist-packages/colcon_core/task/python/colcon_distutils_commands:/home/rodrigo/Documentos/Dron/dron_jazzy_ws/install/mav_control/lib/python3.12/site-packages:${PYTHONPATH} VIRTUAL_ENV_PROMPT=(entV) /usr/bin/python3 -W ignore:setup.py install is deprecated -W ignore:easy_install command is deprecated setup.py develop --uninstall --editable --build-directory /home/rodrigo/Documentos/Dron/dron_jazzy_ws/build/mav_control/build
[2.076s] Invoking command in '/home/rodrigo/Documentos/Dron/dron_jazzy_ws/src/mav_control': DEBUGINFOD_URLS=https://debuginfod.ubuntu.com PS1=(entV) \[\e]0;\u@\h: \w\a\]${debian_chroot:+($debian_chroot)}\[\033[01;32m\]\u@\h\[\033[00m\]:\[\033[01;34m\]\w\[\033[00m\]\$ PYTHONPATH=/home/rodrigo/Documentos/Dron/dron_jazzy_ws/build/mav_control/prefix_override:/usr/lib/python3/dist-packages/colcon_core/task/python/colcon_distutils_commands:/home/rodrigo/Documentos/Dron/dron_jazzy_ws/install/mav_control/lib/python3.12/site-packages:${PYTHONPATH} VIRTUAL_ENV_PROMPT=(entV) /usr/bin/python3 -W ignore:setup.py install is deprecated -W ignore:easy_install command is deprecated setup.py egg_info --egg-base ../../build/mav_control build --build-base /home/rodrigo/Documentos/Dron/dron_jazzy_ws/build/mav_control/build install --record /home/rodrigo/Documentos/Dron/dron_jazzy_ws/build/mav_control/install.log --single-version-externally-managed install_data --force
[2.414s] running egg_info
[2.441s] writing ../../build/mav_control/mav_control.egg-info/PKG-INFO
[2.441s] writing dependency_links to ../../build/mav_control/mav_control.egg-info/dependency_links.txt
[2.441s] writing entry points to ../../build/mav_control/mav_control.egg-info/entry_points.txt
[2.442s] writing requirements to ../../build/mav_control/mav_control.egg-info/requires.txt
[2.442s] writing top-level names to ../../build/mav_control/mav_control.egg-info/top_level.txt
[2.495s] reading manifest file '../../build/mav_control/mav_control.egg-info/SOURCES.txt'
[2.495s] adding license file 'LICENSE'
[2.496s] writing manifest file '../../build/mav_control/mav_control.egg-info/SOURCES.txt'
[2.496s] running build
[2.497s] running build_py
[2.497s] running install
[2.505s] running install_lib
[2.531s] creating /home/rodrigo/Documentos/Dron/dron_jazzy_ws/install/mav_control/lib/python3.12/site-packages/mav_control
[2.532s] copying /home/rodrigo/Documentos/Dron/dron_jazzy_ws/build/mav_control/build/lib/mav_control/control.py -> /home/rodrigo/Documentos/Dron/dron_jazzy_ws/install/mav_control/lib/python3.12/site-packages/mav_control
[2.533s] copying /home/rodrigo/Documentos/Dron/dron_jazzy_ws/build/mav_control/build/lib/mav_control/__init__.py -> /home/rodrigo/Documentos/Dron/dron_jazzy_ws/install/mav_control/lib/python3.12/site-packages/mav_control
[2.534s] copying /home/rodrigo/Documentos/Dron/dron_jazzy_ws/build/mav_control/build/lib/mav_control/mav_msg.py -> /home/rodrigo/Documentos/Dron/dron_jazzy_ws/install/mav_control/lib/python3.12/site-packages/mav_control
[2.534s] byte-compiling /home/rodrigo/Documentos/Dron/dron_jazzy_ws/install/mav_control/lib/python3.12/site-packages/mav_control/control.py to control.cpython-312.pyc
[2.534s] byte-compiling /home/rodrigo/Documentos/Dron/dron_jazzy_ws/install/mav_control/lib/python3.12/site-packages/mav_control/__init__.py to __init__.cpython-312.pyc
[2.534s] byte-compiling /home/rodrigo/Documentos/Dron/dron_jazzy_ws/install/mav_control/lib/python3.12/site-packages/mav_control/mav_msg.py to mav_msg.cpython-312.pyc
[2.535s] running install_data
[2.535s] copying resource/mav_control -> /home/rodrigo/Documentos/Dron/dron_jazzy_ws/install/mav_control/share/ament_index/resource_index/packages
[2.535s] copying package.xml -> /home/rodrigo/Documentos/Dron/dron_jazzy_ws/install/mav_control/share/mav_control
[2.535s] running install_egg_info
[2.563s] Copying ../../build/mav_control/mav_control.egg-info to /home/rodrigo/Documentos/Dron/dron_jazzy_ws/install/mav_control/lib/python3.12/site-packages/mav_control-0.0.0-py3.12.egg-info
[2.564s] running install_scripts
[2.730s] Installing control script to /home/rodrigo/Documentos/Dron/dron_jazzy_ws/install/mav_control/lib/mav_control
[2.731s] Installing mav_msg script to /home/rodrigo/Documentos/Dron/dron_jazzy_ws/install/mav_control/lib/mav_control
[2.731s] writing list of installed files to '/home/rodrigo/Documentos/Dron/dron_jazzy_ws/build/mav_control/install.log'
[2.775s] Invoked command in '/home/rodrigo/Documentos/Dron/dron_jazzy_ws/src/mav_control' returned '0': DEBUGINFOD_URLS=https://debuginfod.ubuntu.com PS1=(entV) \[\e]0;\u@\h: \w\a\]${debian_chroot:+($debian_chroot)}\[\033[01;32m\]\u@\h\[\033[00m\]:\[\033[01;34m\]\w\[\033[00m\]\$ PYTHONPATH=/home/rodrigo/Documentos/Dron/dron_jazzy_ws/build/mav_control/prefix_override:/usr/lib/python3/dist-packages/colcon_core/task/python/colcon_distutils_commands:/home/rodrigo/Documentos/Dron/dron_jazzy_ws/install/mav_control/lib/python3.12/site-packages:${PYTHONPATH} VIRTUAL_ENV_PROMPT=(entV) /usr/bin/python3 -W ignore:setup.py install is deprecated -W ignore:easy_install command is deprecated setup.py egg_info --egg-base ../../build/mav_control build --build-base /home/rodrigo/Documentos/Dron/dron_jazzy_ws/build/mav_control/build install --record /home/rodrigo/Documentos/Dron/dron_jazzy_ws/build/mav_control/install.log --single-version-externally-managed install_data --force
