[1.032s] Invoking command in '/home/rodrigo/Documentos/Dron/dron_jazzy_ws/build/mav_control': DEBUGINFOD_URLS=https://debuginfod.ubuntu.com PS1=(entV) \[\e]0;\u@\h: \w\a\]${debian_chroot:+($debian_chroot)}\[\033[01;32m\]\u@\h\[\033[00m\]:\[\033[01;34m\]\w\[\033[00m\]\$ PYTHONPATH=/home/rodrigo/Documentos/Dron/dron_jazzy_ws/build/mav_control/prefix_override:/usr/lib/python3/dist-packages/colcon_core/task/python/colcon_distutils_commands:/home/rodrigo/Documentos/Dron/dron_jazzy_ws/install/mav_control/lib/python3.12/site-packages:${PYTHONPATH} VIRTUAL_ENV_PROMPT=(entV) /usr/bin/python3 -W ignore:setup.py install is deprecated -W ignore:easy_install command is deprecated setup.py develop --editable --build-directory /home/rodrigo/Documentos/Dron/dron_jazzy_ws/build/mav_control/build --no-deps symlink_data --force
[1.440s] running develop
[1.704s] running egg_info
[1.730s] writing mav_control.egg-info/PKG-INFO
[1.730s] writing dependency_links to mav_control.egg-info/dependency_links.txt
[1.730s] writing entry points to mav_control.egg-info/entry_points.txt
[1.731s] writing requirements to mav_control.egg-info/requires.txt
[1.731s] writing top-level names to mav_control.egg-info/top_level.txt
[1.784s] reading manifest file 'mav_control.egg-info/SOURCES.txt'
[1.785s] writing manifest file 'mav_control.egg-info/SOURCES.txt'
[1.813s] running build_ext
[1.813s] Creating /home/rodrigo/Documentos/Dron/dron_jazzy_ws/install/mav_control/lib/python3.12/site-packages/mav-control.egg-link (link to .)
[1.814s] Installing control script to /home/rodrigo/Documentos/Dron/dron_jazzy_ws/install/mav_control/lib/mav_control
[1.814s] Installing mav_msg script to /home/rodrigo/Documentos/Dron/dron_jazzy_ws/install/mav_control/lib/mav_control
[1.814s] 
[1.815s] Installed /home/rodrigo/Documentos/Dron/dron_jazzy_ws/build/mav_control
[1.815s] running symlink_data
[1.815s] symbolically linking /home/rodrigo/Documentos/Dron/dron_jazzy_ws/build/mav_control/resource/mav_control -> /home/rodrigo/Documentos/Dron/dron_jazzy_ws/install/mav_control/share/ament_index/resource_index/packages
[1.815s] symbolically linking /home/rodrigo/Documentos/Dron/dron_jazzy_ws/build/mav_control/package.xml -> /home/rodrigo/Documentos/Dron/dron_jazzy_ws/install/mav_control/share/mav_control
[1.865s] Invoked command in '/home/rodrigo/Documentos/Dron/dron_jazzy_ws/build/mav_control' returned '0': DEBUGINFOD_URLS=https://debuginfod.ubuntu.com PS1=(entV) \[\e]0;\u@\h: \w\a\]${debian_chroot:+($debian_chroot)}\[\033[01;32m\]\u@\h\[\033[00m\]:\[\033[01;34m\]\w\[\033[00m\]\$ PYTHONPATH=/home/rodrigo/Documentos/Dron/dron_jazzy_ws/build/mav_control/prefix_override:/usr/lib/python3/dist-packages/colcon_core/task/python/colcon_distutils_commands:/home/rodrigo/Documentos/Dron/dron_jazzy_ws/install/mav_control/lib/python3.12/site-packages:${PYTHONPATH} VIRTUAL_ENV_PROMPT=(entV) /usr/bin/python3 -W ignore:setup.py install is deprecated -W ignore:easy_install command is deprecated setup.py develop --editable --build-directory /home/rodrigo/Documentos/Dron/dron_jazzy_ws/build/mav_control/build --no-deps symlink_data --force
