[0.130s] DEBUG:colcon:Command line arguments: ['/usr/bin/colcon', 'build']
[0.131s] DEBUG:colcon:Parsed command line arguments: Namespace(log_base=None, log_level=None, verb_name='build', build_base='build', install_base='install', merge_install=False, symlink_install=False, test_result_base=None, continue_on_error=False, executor='parallel', parallel_workers=4, event_handlers=None, ignore_user_meta=False, metas=['./colcon.meta'], base_paths=['.'], packages_ignore=None, packages_ignore_regex=None, paths=None, packages_up_to=None, packages_up_to_regex=None, packages_above=None, packages_above_and_dependencies=None, packages_above_depth=None, packages_select_by_dep=None, packages_skip_by_dep=None, packages_skip_up_to=None, packages_select_build_failed=False, packages_skip_build_finished=False, packages_select_test_failures=False, packages_skip_test_passed=False, packages_select=None, packages_skip=None, packages_select_regex=None, packages_skip_regex=None, packages_start=None, packages_end=None, allow_overriding=[], cmake_args=None, cmake_target=None, cmake_target_skip_unavailable=False, cmake_clean_cache=False, cmake_clean_first=False, cmake_force_configure=False, ament_cmake_args=None, catkin_cmake_args=None, catkin_skip_building_tests=False, mixin_files=None, mixin=None, verb_parser=<colcon_mixin.mixin.mixin_argument.MixinArgumentDecorator object at 0x7839b4196750>, verb_extension=<colcon_core.verb.build.BuildVerb object at 0x7839b413da60>, main=<bound method BuildVerb.main of <colcon_core.verb.build.BuildVerb object at 0x7839b413da60>>, mixin_verb=('build',))
[0.175s] Level 1:colcon.colcon_core.package_discovery:discover_packages(colcon_meta) check parameters
[0.175s] Level 1:colcon.colcon_core.package_discovery:discover_packages(recursive) check parameters
[0.175s] Level 1:colcon.colcon_core.package_discovery:discover_packages(ignore) check parameters
[0.175s] Level 1:colcon.colcon_core.package_discovery:discover_packages(path) check parameters
[0.175s] Level 1:colcon.colcon_core.package_discovery:discover_packages(colcon_meta) discover
[0.175s] Level 1:colcon.colcon_core.package_discovery:discover_packages(recursive) discover
[0.175s] INFO:colcon.colcon_core.package_discovery:Crawling recursively for packages in '/home/rodrigo/Documentos/Dron/dron_jazzy_ws'
[0.175s] Level 1:colcon.colcon_core.package_identification:_identify(.) by extensions ['ignore', 'ignore_ament_install']
[0.175s] Level 1:colcon.colcon_core.package_identification:_identify(.) by extension 'ignore'
[0.176s] Level 1:colcon.colcon_core.package_identification:_identify(.) by extension 'ignore_ament_install'
[0.176s] Level 1:colcon.colcon_core.package_identification:_identify(.) by extensions ['colcon_pkg']
[0.176s] Level 1:colcon.colcon_core.package_identification:_identify(.) by extension 'colcon_pkg'
[0.176s] Level 1:colcon.colcon_core.package_identification:_identify(.) by extensions ['colcon_meta']
[0.176s] Level 1:colcon.colcon_core.package_identification:_identify(.) by extension 'colcon_meta'
[0.176s] Level 1:colcon.colcon_core.package_identification:_identify(.) by extensions ['ros']
[0.176s] Level 1:colcon.colcon_core.package_identification:_identify(.) by extension 'ros'
[0.205s] Level 1:colcon.colcon_core.package_identification:_identify(.) by extensions ['cmake', 'python']
[0.206s] Level 1:colcon.colcon_core.package_identification:_identify(.) by extension 'cmake'
[0.206s] Level 1:colcon.colcon_core.package_identification:_identify(.) by extension 'python'
[0.206s] Level 1:colcon.colcon_core.package_identification:_identify(.) by extensions ['python_setup_py']
[0.206s] Level 1:colcon.colcon_core.package_identification:_identify(.) by extension 'python_setup_py'
[0.206s] Level 1:colcon.colcon_core.package_identification:_identify(build) by extensions ['ignore', 'ignore_ament_install']
[0.206s] Level 1:colcon.colcon_core.package_identification:_identify(build) by extension 'ignore'
[0.206s] Level 1:colcon.colcon_core.package_identification:_identify(build) ignored
[0.206s] Level 1:colcon.colcon_core.package_identification:_identify(install) by extensions ['ignore', 'ignore_ament_install']
[0.206s] Level 1:colcon.colcon_core.package_identification:_identify(install) by extension 'ignore'
[0.206s] Level 1:colcon.colcon_core.package_identification:_identify(install) ignored
[0.206s] Level 1:colcon.colcon_core.package_identification:_identify(log) by extensions ['ignore', 'ignore_ament_install']
[0.207s] Level 1:colcon.colcon_core.package_identification:_identify(log) by extension 'ignore'
[0.207s] Level 1:colcon.colcon_core.package_identification:_identify(log) ignored
[0.207s] Level 1:colcon.colcon_core.package_identification:_identify(src) by extensions ['ignore', 'ignore_ament_install']
[0.207s] Level 1:colcon.colcon_core.package_identification:_identify(src) by extension 'ignore'
[0.207s] Level 1:colcon.colcon_core.package_identification:_identify(src) by extension 'ignore_ament_install'
[0.207s] Level 1:colcon.colcon_core.package_identification:_identify(src) by extensions ['colcon_pkg']
[0.207s] Level 1:colcon.colcon_core.package_identification:_identify(src) by extension 'colcon_pkg'
[0.207s] Level 1:colcon.colcon_core.package_identification:_identify(src) by extensions ['colcon_meta']
[0.207s] Level 1:colcon.colcon_core.package_identification:_identify(src) by extension 'colcon_meta'
[0.207s] Level 1:colcon.colcon_core.package_identification:_identify(src) by extensions ['ros']
[0.207s] Level 1:colcon.colcon_core.package_identification:_identify(src) by extension 'ros'
[0.207s] Level 1:colcon.colcon_core.package_identification:_identify(src) by extensions ['cmake', 'python']
[0.207s] Level 1:colcon.colcon_core.package_identification:_identify(src) by extension 'cmake'
[0.207s] Level 1:colcon.colcon_core.package_identification:_identify(src) by extension 'python'
[0.207s] Level 1:colcon.colcon_core.package_identification:_identify(src) by extensions ['python_setup_py']
[0.207s] Level 1:colcon.colcon_core.package_identification:_identify(src) by extension 'python_setup_py'
[0.207s] Level 1:colcon.colcon_core.package_identification:_identify(src/mav_control) by extensions ['ignore', 'ignore_ament_install']
[0.208s] Level 1:colcon.colcon_core.package_identification:_identify(src/mav_control) by extension 'ignore'
[0.208s] Level 1:colcon.colcon_core.package_identification:_identify(src/mav_control) by extension 'ignore_ament_install'
[0.208s] Level 1:colcon.colcon_core.package_identification:_identify(src/mav_control) by extensions ['colcon_pkg']
[0.208s] Level 1:colcon.colcon_core.package_identification:_identify(src/mav_control) by extension 'colcon_pkg'
[0.208s] Level 1:colcon.colcon_core.package_identification:_identify(src/mav_control) by extensions ['colcon_meta']
[0.208s] Level 1:colcon.colcon_core.package_identification:_identify(src/mav_control) by extension 'colcon_meta'
[0.208s] Level 1:colcon.colcon_core.package_identification:_identify(src/mav_control) by extensions ['ros']
[0.208s] Level 1:colcon.colcon_core.package_identification:_identify(src/mav_control) by extension 'ros'
[0.211s] DEBUG:colcon.colcon_core.package_identification:Package 'src/mav_control' with type 'ros.ament_python' and name 'mav_control'
[0.211s] Level 1:colcon.colcon_core.package_identification:_identify(src/sim_dron) by extensions ['ignore', 'ignore_ament_install']
[0.211s] Level 1:colcon.colcon_core.package_identification:_identify(src/sim_dron) by extension 'ignore'
[0.211s] Level 1:colcon.colcon_core.package_identification:_identify(src/sim_dron) by extension 'ignore_ament_install'
[0.211s] Level 1:colcon.colcon_core.package_identification:_identify(src/sim_dron) by extensions ['colcon_pkg']
[0.211s] Level 1:colcon.colcon_core.package_identification:_identify(src/sim_dron) by extension 'colcon_pkg'
[0.211s] Level 1:colcon.colcon_core.package_identification:_identify(src/sim_dron) by extensions ['colcon_meta']
[0.211s] Level 1:colcon.colcon_core.package_identification:_identify(src/sim_dron) by extension 'colcon_meta'
[0.212s] Level 1:colcon.colcon_core.package_identification:_identify(src/sim_dron) by extensions ['ros']
[0.212s] Level 1:colcon.colcon_core.package_identification:_identify(src/sim_dron) by extension 'ros'
[0.212s] DEBUG:colcon.colcon_core.package_identification:Package 'src/sim_dron' with type 'ros.ament_python' and name 'sim_dron'
[0.212s] Level 1:colcon.colcon_core.package_discovery:discover_packages(recursive) using defaults
[0.212s] Level 1:colcon.colcon_core.package_discovery:discover_packages(ignore) discover
[0.212s] Level 1:colcon.colcon_core.package_discovery:discover_packages(ignore) using defaults
[0.212s] Level 1:colcon.colcon_core.package_discovery:discover_packages(path) discover
[0.213s] Level 1:colcon.colcon_core.package_discovery:discover_packages(path) using defaults
[0.232s] Level 1:colcon.colcon_core.package_discovery:discover_packages(prefix_path) check parameters
[0.232s] Level 1:colcon.colcon_core.package_discovery:discover_packages(prefix_path) discover
[0.235s] DEBUG:colcon.colcon_installed_package_information.package_discovery:Found 285 installed packages in /opt/ros/jazzy
[0.236s] Level 1:colcon.colcon_core.package_discovery:discover_packages(prefix_path) using defaults
[0.286s] Level 5:colcon.colcon_core.verb:set package 'mav_control' build argument 'cmake_args' from command line to 'None'
[0.286s] Level 5:colcon.colcon_core.verb:set package 'mav_control' build argument 'cmake_target' from command line to 'None'
[0.286s] Level 5:colcon.colcon_core.verb:set package 'mav_control' build argument 'cmake_target_skip_unavailable' from command line to 'False'
[0.286s] Level 5:colcon.colcon_core.verb:set package 'mav_control' build argument 'cmake_clean_cache' from command line to 'False'
[0.286s] Level 5:colcon.colcon_core.verb:set package 'mav_control' build argument 'cmake_clean_first' from command line to 'False'
[0.286s] Level 5:colcon.colcon_core.verb:set package 'mav_control' build argument 'cmake_force_configure' from command line to 'False'
[0.286s] Level 5:colcon.colcon_core.verb:set package 'mav_control' build argument 'ament_cmake_args' from command line to 'None'
[0.286s] Level 5:colcon.colcon_core.verb:set package 'mav_control' build argument 'catkin_cmake_args' from command line to 'None'
[0.286s] Level 5:colcon.colcon_core.verb:set package 'mav_control' build argument 'catkin_skip_building_tests' from command line to 'False'
[0.286s] DEBUG:colcon.colcon_core.verb:Building package 'mav_control' with the following arguments: {'ament_cmake_args': None, 'build_base': '/home/rodrigo/Documentos/Dron/dron_jazzy_ws/build/mav_control', 'catkin_cmake_args': None, 'catkin_skip_building_tests': False, 'cmake_args': None, 'cmake_clean_cache': False, 'cmake_clean_first': False, 'cmake_force_configure': False, 'cmake_target': None, 'cmake_target_skip_unavailable': False, 'install_base': '/home/rodrigo/Documentos/Dron/dron_jazzy_ws/install/mav_control', 'merge_install': False, 'path': '/home/rodrigo/Documentos/Dron/dron_jazzy_ws/src/mav_control', 'symlink_install': False, 'test_result_base': None}
[0.286s] Level 5:colcon.colcon_core.verb:set package 'sim_dron' build argument 'cmake_args' from command line to 'None'
[0.286s] Level 5:colcon.colcon_core.verb:set package 'sim_dron' build argument 'cmake_target' from command line to 'None'
[0.286s] Level 5:colcon.colcon_core.verb:set package 'sim_dron' build argument 'cmake_target_skip_unavailable' from command line to 'False'
[0.286s] Level 5:colcon.colcon_core.verb:set package 'sim_dron' build argument 'cmake_clean_cache' from command line to 'False'
[0.287s] Level 5:colcon.colcon_core.verb:set package 'sim_dron' build argument 'cmake_clean_first' from command line to 'False'
[0.287s] Level 5:colcon.colcon_core.verb:set package 'sim_dron' build argument 'cmake_force_configure' from command line to 'False'
[0.287s] Level 5:colcon.colcon_core.verb:set package 'sim_dron' build argument 'ament_cmake_args' from command line to 'None'
[0.287s] Level 5:colcon.colcon_core.verb:set package 'sim_dron' build argument 'catkin_cmake_args' from command line to 'None'
[0.287s] Level 5:colcon.colcon_core.verb:set package 'sim_dron' build argument 'catkin_skip_building_tests' from command line to 'False'
[0.287s] DEBUG:colcon.colcon_core.verb:Building package 'sim_dron' with the following arguments: {'ament_cmake_args': None, 'build_base': '/home/rodrigo/Documentos/Dron/dron_jazzy_ws/build/sim_dron', 'catkin_cmake_args': None, 'catkin_skip_building_tests': False, 'cmake_args': None, 'cmake_clean_cache': False, 'cmake_clean_first': False, 'cmake_force_configure': False, 'cmake_target': None, 'cmake_target_skip_unavailable': False, 'install_base': '/home/rodrigo/Documentos/Dron/dron_jazzy_ws/install/sim_dron', 'merge_install': False, 'path': '/home/rodrigo/Documentos/Dron/dron_jazzy_ws/src/sim_dron', 'symlink_install': False, 'test_result_base': None}
[0.287s] INFO:colcon.colcon_core.executor:Executing jobs using 'parallel' executor
[0.288s] DEBUG:colcon.colcon_parallel_executor.executor.parallel:run_until_complete
[0.288s] INFO:colcon.colcon_ros.task.ament_python.build:Building ROS package in '/home/rodrigo/Documentos/Dron/dron_jazzy_ws/src/mav_control' with build type 'ament_python'
[0.288s] Level 1:colcon.colcon_core.shell:create_environment_hook('mav_control', 'ament_prefix_path')
[0.291s] INFO:colcon.colcon_core.plugin_system:Skipping extension 'colcon_core.shell.bat': Not used on non-Windows systems
[0.291s] INFO:colcon.colcon_core.shell:Creating environment hook '/home/rodrigo/Documentos/Dron/dron_jazzy_ws/install/mav_control/share/mav_control/hook/ament_prefix_path.ps1'
[0.292s] INFO:colcon.colcon_core.shell:Creating environment descriptor '/home/rodrigo/Documentos/Dron/dron_jazzy_ws/install/mav_control/share/mav_control/hook/ament_prefix_path.dsv'
[0.293s] INFO:colcon.colcon_core.shell:Creating environment hook '/home/rodrigo/Documentos/Dron/dron_jazzy_ws/install/mav_control/share/mav_control/hook/ament_prefix_path.sh'
[0.293s] INFO:colcon.colcon_core.shell:Skip shell extension 'powershell' for command environment: Not usable outside of PowerShell
[0.293s] DEBUG:colcon.colcon_core.shell:Skip shell extension 'dsv' for command environment
[0.297s] INFO:colcon.colcon_ros.task.ament_python.build:Building ROS package in '/home/rodrigo/Documentos/Dron/dron_jazzy_ws/src/sim_dron' with build type 'ament_python'
[0.297s] Level 1:colcon.colcon_core.shell:create_environment_hook('sim_dron', 'ament_prefix_path')
[0.297s] INFO:colcon.colcon_core.shell:Creating environment hook '/home/rodrigo/Documentos/Dron/dron_jazzy_ws/install/sim_dron/share/sim_dron/hook/ament_prefix_path.ps1'
[0.298s] INFO:colcon.colcon_core.shell:Creating environment descriptor '/home/rodrigo/Documentos/Dron/dron_jazzy_ws/install/sim_dron/share/sim_dron/hook/ament_prefix_path.dsv'
[0.298s] INFO:colcon.colcon_core.shell:Creating environment hook '/home/rodrigo/Documentos/Dron/dron_jazzy_ws/install/sim_dron/share/sim_dron/hook/ament_prefix_path.sh'
[0.299s] INFO:colcon.colcon_core.shell:Skip shell extension 'powershell' for command environment: Not usable outside of PowerShell
[0.299s] DEBUG:colcon.colcon_core.shell:Skip shell extension 'dsv' for command environment
[0.568s] INFO:colcon.colcon_core.task.python.build:Building Python package in '/home/rodrigo/Documentos/Dron/dron_jazzy_ws/src/mav_control'
[0.568s] INFO:colcon.colcon_core.shell:Skip shell extension 'powershell' for command environment: Not usable outside of PowerShell
[0.569s] DEBUG:colcon.colcon_core.shell:Skip shell extension 'dsv' for command environment
[0.842s] INFO:colcon.colcon_core.task.python.build:Building Python package in '/home/rodrigo/Documentos/Dron/dron_jazzy_ws/src/sim_dron'
[0.842s] INFO:colcon.colcon_core.shell:Skip shell extension 'powershell' for command environment: Not usable outside of PowerShell
[0.842s] DEBUG:colcon.colcon_core.shell:Skip shell extension 'dsv' for command environment
[1.643s] DEBUG:colcon.colcon_core.event_handler.log_command:Invoking command in '/home/rodrigo/Documentos/Dron/dron_jazzy_ws/build/mav_control': DEBUGINFOD_URLS=https://debuginfod.ubuntu.com PS1=(entV) \[\e]0;\u@\h: \w\a\]${debian_chroot:+($debian_chroot)}\[\033[01;32m\]\u@\h\[\033[00m\]:\[\033[01;34m\]\w\[\033[00m\]\$ PYTHONPATH=/home/rodrigo/Documentos/Dron/dron_jazzy_ws/build/mav_control/prefix_override:/usr/lib/python3/dist-packages/colcon_core/task/python/colcon_distutils_commands:/home/rodrigo/Documentos/Dron/dron_jazzy_ws/install/mav_control/lib/python3.12/site-packages:${PYTHONPATH} VIRTUAL_ENV_PROMPT=(entV) /usr/bin/python3 -W ignore:setup.py install is deprecated -W ignore:easy_install command is deprecated setup.py develop --uninstall --editable --build-directory /home/rodrigo/Documentos/Dron/dron_jazzy_ws/build/mav_control/build
[1.650s] DEBUG:colcon.colcon_core.event_handler.log_command:Invoking command in '/home/rodrigo/Documentos/Dron/dron_jazzy_ws/src/sim_dron': DEBUGINFOD_URLS=https://debuginfod.ubuntu.com PS1=(entV) \[\e]0;\u@\h: \w\a\]${debian_chroot:+($debian_chroot)}\[\033[01;32m\]\u@\h\[\033[00m\]:\[\033[01;34m\]\w\[\033[00m\]\$ PYTHONPATH=/home/rodrigo/Documentos/Dron/dron_jazzy_ws/build/sim_dron/prefix_override:/usr/lib/python3/dist-packages/colcon_core/task/python/colcon_distutils_commands:/home/rodrigo/Documentos/Dron/dron_jazzy_ws/install/sim_dron/lib/python3.12/site-packages:${PYTHONPATH} VIRTUAL_ENV_PROMPT=(entV) /usr/bin/python3 -W ignore:setup.py install is deprecated -W ignore:easy_install command is deprecated setup.py egg_info --egg-base ../../build/sim_dron build --build-base /home/rodrigo/Documentos/Dron/dron_jazzy_ws/build/sim_dron/build install --record /home/rodrigo/Documentos/Dron/dron_jazzy_ws/build/sim_dron/install.log --single-version-externally-managed install_data
[2.363s] DEBUG:colcon.colcon_core.event_handler.log_command:Invoked command in '/home/rodrigo/Documentos/Dron/dron_jazzy_ws/build/mav_control' returned '0': DEBUGINFOD_URLS=https://debuginfod.ubuntu.com PS1=(entV) \[\e]0;\u@\h: \w\a\]${debian_chroot:+($debian_chroot)}\[\033[01;32m\]\u@\h\[\033[00m\]:\[\033[01;34m\]\w\[\033[00m\]\$ PYTHONPATH=/home/rodrigo/Documentos/Dron/dron_jazzy_ws/build/mav_control/prefix_override:/usr/lib/python3/dist-packages/colcon_core/task/python/colcon_distutils_commands:/home/rodrigo/Documentos/Dron/dron_jazzy_ws/install/mav_control/lib/python3.12/site-packages:${PYTHONPATH} VIRTUAL_ENV_PROMPT=(entV) /usr/bin/python3 -W ignore:setup.py install is deprecated -W ignore:easy_install command is deprecated setup.py develop --uninstall --editable --build-directory /home/rodrigo/Documentos/Dron/dron_jazzy_ws/build/mav_control/build
[2.365s] DEBUG:colcon.colcon_core.event_handler.log_command:Invoking command in '/home/rodrigo/Documentos/Dron/dron_jazzy_ws/src/mav_control': DEBUGINFOD_URLS=https://debuginfod.ubuntu.com PS1=(entV) \[\e]0;\u@\h: \w\a\]${debian_chroot:+($debian_chroot)}\[\033[01;32m\]\u@\h\[\033[00m\]:\[\033[01;34m\]\w\[\033[00m\]\$ PYTHONPATH=/home/rodrigo/Documentos/Dron/dron_jazzy_ws/build/mav_control/prefix_override:/usr/lib/python3/dist-packages/colcon_core/task/python/colcon_distutils_commands:/home/rodrigo/Documentos/Dron/dron_jazzy_ws/install/mav_control/lib/python3.12/site-packages:${PYTHONPATH} VIRTUAL_ENV_PROMPT=(entV) /usr/bin/python3 -W ignore:setup.py install is deprecated -W ignore:easy_install command is deprecated setup.py egg_info --egg-base ../../build/mav_control build --build-base /home/rodrigo/Documentos/Dron/dron_jazzy_ws/build/mav_control/build install --record /home/rodrigo/Documentos/Dron/dron_jazzy_ws/build/mav_control/install.log --single-version-externally-managed install_data --force
[2.375s] DEBUG:colcon.colcon_core.event_handler.log_command:Invoked command in '/home/rodrigo/Documentos/Dron/dron_jazzy_ws/src/sim_dron' returned '0': DEBUGINFOD_URLS=https://debuginfod.ubuntu.com PS1=(entV) \[\e]0;\u@\h: \w\a\]${debian_chroot:+($debian_chroot)}\[\033[01;32m\]\u@\h\[\033[00m\]:\[\033[01;34m\]\w\[\033[00m\]\$ PYTHONPATH=/home/rodrigo/Documentos/Dron/dron_jazzy_ws/build/sim_dron/prefix_override:/usr/lib/python3/dist-packages/colcon_core/task/python/colcon_distutils_commands:/home/rodrigo/Documentos/Dron/dron_jazzy_ws/install/sim_dron/lib/python3.12/site-packages:${PYTHONPATH} VIRTUAL_ENV_PROMPT=(entV) /usr/bin/python3 -W ignore:setup.py install is deprecated -W ignore:easy_install command is deprecated setup.py egg_info --egg-base ../../build/sim_dron build --build-base /home/rodrigo/Documentos/Dron/dron_jazzy_ws/build/sim_dron/build install --record /home/rodrigo/Documentos/Dron/dron_jazzy_ws/build/sim_dron/install.log --single-version-externally-managed install_data
[2.380s] Level 1:colcon.colcon_core.environment:checking '/home/rodrigo/Documentos/Dron/dron_jazzy_ws/install/sim_dron' for CMake module files
[2.381s] Level 1:colcon.colcon_core.environment:checking '/home/rodrigo/Documentos/Dron/dron_jazzy_ws/install/sim_dron' for CMake config files
[2.382s] Level 1:colcon.colcon_core.environment:checking '/home/rodrigo/Documentos/Dron/dron_jazzy_ws/install/sim_dron/lib'
[2.383s] Level 1:colcon.colcon_core.environment:checking '/home/rodrigo/Documentos/Dron/dron_jazzy_ws/install/sim_dron/bin'
[2.383s] Level 1:colcon.colcon_core.environment:checking '/home/rodrigo/Documentos/Dron/dron_jazzy_ws/install/sim_dron/lib/pkgconfig/sim_dron.pc'
[2.384s] Level 1:colcon.colcon_core.environment:checking '/home/rodrigo/Documentos/Dron/dron_jazzy_ws/install/sim_dron/lib/python3.12/site-packages'
[2.384s] Level 1:colcon.colcon_core.shell:create_environment_hook('sim_dron', 'pythonpath')
[2.384s] INFO:colcon.colcon_core.shell:Creating environment hook '/home/rodrigo/Documentos/Dron/dron_jazzy_ws/install/sim_dron/share/sim_dron/hook/pythonpath.ps1'
[2.385s] INFO:colcon.colcon_core.shell:Creating environment descriptor '/home/rodrigo/Documentos/Dron/dron_jazzy_ws/install/sim_dron/share/sim_dron/hook/pythonpath.dsv'
[2.386s] INFO:colcon.colcon_core.shell:Creating environment hook '/home/rodrigo/Documentos/Dron/dron_jazzy_ws/install/sim_dron/share/sim_dron/hook/pythonpath.sh'
[2.388s] Level 1:colcon.colcon_core.environment:checking '/home/rodrigo/Documentos/Dron/dron_jazzy_ws/install/sim_dron/bin'
[2.388s] Level 1:colcon.colcon_core.environment:create_environment_scripts_only(sim_dron)
[2.388s] INFO:colcon.colcon_core.shell:Creating package script '/home/rodrigo/Documentos/Dron/dron_jazzy_ws/install/sim_dron/share/sim_dron/package.ps1'
[2.390s] INFO:colcon.colcon_core.shell:Creating package descriptor '/home/rodrigo/Documentos/Dron/dron_jazzy_ws/install/sim_dron/share/sim_dron/package.dsv'
[2.392s] INFO:colcon.colcon_core.shell:Creating package script '/home/rodrigo/Documentos/Dron/dron_jazzy_ws/install/sim_dron/share/sim_dron/package.sh'
[2.393s] INFO:colcon.colcon_core.shell:Creating package script '/home/rodrigo/Documentos/Dron/dron_jazzy_ws/install/sim_dron/share/sim_dron/package.bash'
[2.395s] INFO:colcon.colcon_core.shell:Creating package script '/home/rodrigo/Documentos/Dron/dron_jazzy_ws/install/sim_dron/share/sim_dron/package.zsh'
[2.397s] Level 1:colcon.colcon_core.environment:create_file_with_runtime_dependencies(/home/rodrigo/Documentos/Dron/dron_jazzy_ws/install/sim_dron/share/colcon-core/packages/sim_dron)
[3.063s] Level 1:colcon.colcon_core.environment:checking '/home/rodrigo/Documentos/Dron/dron_jazzy_ws/install/mav_control' for CMake module files
[3.064s] DEBUG:colcon.colcon_core.event_handler.log_command:Invoked command in '/home/rodrigo/Documentos/Dron/dron_jazzy_ws/src/mav_control' returned '0': DEBUGINFOD_URLS=https://debuginfod.ubuntu.com PS1=(entV) \[\e]0;\u@\h: \w\a\]${debian_chroot:+($debian_chroot)}\[\033[01;32m\]\u@\h\[\033[00m\]:\[\033[01;34m\]\w\[\033[00m\]\$ PYTHONPATH=/home/rodrigo/Documentos/Dron/dron_jazzy_ws/build/mav_control/prefix_override:/usr/lib/python3/dist-packages/colcon_core/task/python/colcon_distutils_commands:/home/rodrigo/Documentos/Dron/dron_jazzy_ws/install/mav_control/lib/python3.12/site-packages:${PYTHONPATH} VIRTUAL_ENV_PROMPT=(entV) /usr/bin/python3 -W ignore:setup.py install is deprecated -W ignore:easy_install command is deprecated setup.py egg_info --egg-base ../../build/mav_control build --build-base /home/rodrigo/Documentos/Dron/dron_jazzy_ws/build/mav_control/build install --record /home/rodrigo/Documentos/Dron/dron_jazzy_ws/build/mav_control/install.log --single-version-externally-managed install_data --force
[3.065s] Level 1:colcon.colcon_core.environment:checking '/home/rodrigo/Documentos/Dron/dron_jazzy_ws/install/mav_control' for CMake config files
[3.065s] Level 1:colcon.colcon_core.environment:checking '/home/rodrigo/Documentos/Dron/dron_jazzy_ws/install/mav_control/lib'
[3.065s] Level 1:colcon.colcon_core.environment:checking '/home/rodrigo/Documentos/Dron/dron_jazzy_ws/install/mav_control/bin'
[3.065s] Level 1:colcon.colcon_core.environment:checking '/home/rodrigo/Documentos/Dron/dron_jazzy_ws/install/mav_control/lib/pkgconfig/mav_control.pc'
[3.066s] Level 1:colcon.colcon_core.environment:checking '/home/rodrigo/Documentos/Dron/dron_jazzy_ws/install/mav_control/lib/python3.12/site-packages'
[3.066s] Level 1:colcon.colcon_core.shell:create_environment_hook('mav_control', 'pythonpath')
[3.066s] INFO:colcon.colcon_core.shell:Creating environment hook '/home/rodrigo/Documentos/Dron/dron_jazzy_ws/install/mav_control/share/mav_control/hook/pythonpath.ps1'
[3.066s] INFO:colcon.colcon_core.shell:Creating environment descriptor '/home/rodrigo/Documentos/Dron/dron_jazzy_ws/install/mav_control/share/mav_control/hook/pythonpath.dsv'
[3.067s] INFO:colcon.colcon_core.shell:Creating environment hook '/home/rodrigo/Documentos/Dron/dron_jazzy_ws/install/mav_control/share/mav_control/hook/pythonpath.sh'
[3.067s] Level 1:colcon.colcon_core.environment:checking '/home/rodrigo/Documentos/Dron/dron_jazzy_ws/install/mav_control/bin'
[3.067s] Level 1:colcon.colcon_core.environment:create_environment_scripts_only(mav_control)
[3.068s] INFO:colcon.colcon_core.shell:Creating package script '/home/rodrigo/Documentos/Dron/dron_jazzy_ws/install/mav_control/share/mav_control/package.ps1'
[3.068s] INFO:colcon.colcon_core.shell:Creating package descriptor '/home/rodrigo/Documentos/Dron/dron_jazzy_ws/install/mav_control/share/mav_control/package.dsv'
[3.069s] INFO:colcon.colcon_core.shell:Creating package script '/home/rodrigo/Documentos/Dron/dron_jazzy_ws/install/mav_control/share/mav_control/package.sh'
[3.069s] INFO:colcon.colcon_core.shell:Creating package script '/home/rodrigo/Documentos/Dron/dron_jazzy_ws/install/mav_control/share/mav_control/package.bash'
[3.069s] INFO:colcon.colcon_core.shell:Creating package script '/home/rodrigo/Documentos/Dron/dron_jazzy_ws/install/mav_control/share/mav_control/package.zsh'
[3.070s] Level 1:colcon.colcon_core.environment:create_file_with_runtime_dependencies(/home/rodrigo/Documentos/Dron/dron_jazzy_ws/install/mav_control/share/colcon-core/packages/mav_control)
[3.070s] DEBUG:colcon.colcon_parallel_executor.executor.parallel:closing loop
[3.070s] DEBUG:colcon.colcon_parallel_executor.executor.parallel:loop closed
[3.070s] DEBUG:colcon.colcon_parallel_executor.executor.parallel:run_until_complete finished with '0'
[3.070s] DEBUG:colcon.colcon_core.event_reactor:joining thread
[3.080s] INFO:colcon.colcon_core.plugin_system:Skipping extension 'colcon_notification.desktop_notification.terminal_notifier': Not used on non-Darwin systems
[3.080s] INFO:colcon.colcon_core.plugin_system:Skipping extension 'colcon_notification.desktop_notification.win32': Not used on non-Windows systems
[3.080s] INFO:colcon.colcon_notification.desktop_notification:Sending desktop notification using 'notify2'
[3.104s] DEBUG:colcon.colcon_core.event_reactor:joined thread
[3.105s] INFO:colcon.colcon_core.shell:Creating prefix script '/home/rodrigo/Documentos/Dron/dron_jazzy_ws/install/local_setup.ps1'
[3.107s] INFO:colcon.colcon_core.shell:Creating prefix util module '/home/rodrigo/Documentos/Dron/dron_jazzy_ws/install/_local_setup_util_ps1.py'
[3.109s] INFO:colcon.colcon_core.shell:Creating prefix chain script '/home/rodrigo/Documentos/Dron/dron_jazzy_ws/install/setup.ps1'
[3.111s] INFO:colcon.colcon_core.shell:Creating prefix script '/home/rodrigo/Documentos/Dron/dron_jazzy_ws/install/local_setup.sh'
[3.113s] INFO:colcon.colcon_core.shell:Creating prefix util module '/home/rodrigo/Documentos/Dron/dron_jazzy_ws/install/_local_setup_util_sh.py'
[3.115s] INFO:colcon.colcon_core.shell:Creating prefix chain script '/home/rodrigo/Documentos/Dron/dron_jazzy_ws/install/setup.sh'
[3.117s] INFO:colcon.colcon_core.shell:Creating prefix script '/home/rodrigo/Documentos/Dron/dron_jazzy_ws/install/local_setup.bash'
[3.118s] INFO:colcon.colcon_core.shell:Creating prefix chain script '/home/rodrigo/Documentos/Dron/dron_jazzy_ws/install/setup.bash'
[3.121s] INFO:colcon.colcon_core.shell:Creating prefix script '/home/rodrigo/Documentos/Dron/dron_jazzy_ws/install/local_setup.zsh'
[3.122s] INFO:colcon.colcon_core.shell:Creating prefix chain script '/home/rodrigo/Documentos/Dron/dron_jazzy_ws/install/setup.zsh'
